Microchip MPLAB XC8 Compiler V1.37 ()

Linker command line:

-W-3 --edf=C:\Program Files (x86)\Microchip\xc8\v1.37\dat\en_msgs.txt -cs \
  -h+dist/default/production\ASSIGNMENT1_Ahmad_Yahia.X.production.sym \
  --cmf=dist/default/production\ASSIGNMENT1_Ahmad_Yahia.X.production.cmf -z \
  -Q18F4620 -oC:\Users\AHMAD-~1\AppData\Local\Temp\s1io.2 \
  -Mdist/default/production/ASSIGNMENT1_Ahmad_Yahia.X.production.map -E1 \
  -ver=XC8 -ASTACK=01B7h-0f7fh -pstack=STACK -ACODE=00h-0FFFFh \
  -ACONST=00h-0FFFFh -ASMALLCONST=01000h-010FFhx240 \
  -AMEDIUMCONST=01000h-0FFFFh -ACOMRAM=01h-07Fh -AABS1=00h-0F7Fh \
  -ABIGRAM=01h-0F7Fh -ARAM=080h-0FFh,0100h-01FFhx14,0F00h-0F7Fh \
  -ABANK0=080h-0FFh -ABANK1=0100h-01FFh -ABANK2=0200h-02FFh \
  -ABANK3=0300h-03FFh -ABANK4=0400h-04FFh -ABANK5=0500h-05FFh \
  -ABANK6=0600h-06FFh -ABANK7=0700h-07FFh -ABANK8=0800h-08FFh \
  -ABANK9=0900h-09FFh -ABANK10=0A00h-0AFFh -ABANK11=0B00h-0BFFh \
  -ABANK12=0C00h-0CFFh -ABANK13=0D00h-0DFFh -ABANK14=0E00h-0EFFh \
  -ABANK15=0F00h-0F7Fh -ASFR=0F80h-0FFFh \
  -preset_vec=00h,intcode=08h,intcodelo,powerup,init,end_init \
  -pramtop=01000h -psmallconst=SMALLCONST -pmediumconst=MEDIUMCONST \
  -pconst=CONST -AFARRAM=00h-00h -ACONFIG=0300000h-030000Dh -pconfig=CONFIG \
  -AIDLOC=0200000h-0200007h -pidloc=IDLOC -AEEDATA=0F00000h-0F003FFh \
  -peeprom_data=EEDATA \
  -prdata=COMRAM,nvrram=COMRAM,nvbit=COMRAM,rbss=COMRAM,rbit=COMRAM \
  -pfarbss=FARRAM,fardata=FARRAM,nvFARRAM=FARRAM \
  -pintsave_regs=BIGRAM,bigbss=BIGRAM,bigdata=BIGRAM -pbss=RAM \
  -pidata=CODE,irdata=CODE,ibigdata=CODE,ifardata=CODE -prparam=COMRAM \
  C:\Users\AHMAD-~1\AppData\Local\Temp\s1io.obj \
  dist/default/production\ASSIGNMENT1_Ahmad_Yahia.X.production.obj 

Object code version is 3.11

Machine type is 18F4620

Call graph: (short form)




                Name                               Link     Load   Length Selector   Space Scale
C:\Users\AHMAD-~1\AppData\Local\Temp\s1io.obj
                end_init                             16       16        4        4       0
                reset_vec                             0        0        4        0       0
                idloc                            200000   200000        8   200000       0
                config                           300000   300000        E   300000       0
dist/default/production\ASSIGNMENT1_Ahmad_Yahia.X.production.obj
                intcode                               8        8        E        4       0
                temp                                 7E       7E        1        1       1
                mediumconst                        FF00     FF00      100     7F80       0
                text72                             5590     5590       24        4       0
                text71                             5450     5450       2E        4       0
                text70                             55B4     55B4       22        4       0
                text69                             519A     519A       48        4       0
                text68                             5226     5226       42        4       0
                text67                             5002     5002       56        4       0
                text66                             556C     556C       24        4       0
                text65                             4972     4972       90        4       0
                text64                             5548     5548       24        4       0
                text63                             46F6     46F6       AE        4       0
                text62                             35AA     35AA      1AC        4       0
                text61                             52A8     52A8       40        4       0
                text60                             42DA     42DA       F4        4       0
                text59                             4C2C     4C2C       82        4       0
                text58                             4E88     4E88       66        4       0
                text57                             4F50     4F50       5C        4       0
                text56                             3FB2     3FB2      128        4       0
                text55                             3E80     3E80      132        4       0
                text54                             4BA8     4BA8       84        4       0
                text53                             4E18     4E18       70        4       0
                text52                             41E6     41E6       F4        4       0
                text51                             5522     5522       26        4       0
                text50                             30D8     30D8      26A        4       0
                text49                             55F6     55F6       1E        4       0
                text48                             29D0     29D0      438        4       0
                text47                              E3E      E3E      B92        4       0
                text46                             5422     5422       2E        4       0
                text45                             3A7C     3A7C      162        4       0
                text44                             547E     547E       2C        4       0
                text43                             55D6     55D6       20        4       0
                text42                             5322     5322       38        4       0
                text41                             43CE     43CE       E6        4       0
                text40                             52E8     52E8       3A        4       0
                text39                             4A90     4A90       8E        4       0
                text38                             4A02     4A02       8E        4       0
                text37                             50AC     50AC       52        4       0
                text36                             5640     5640        A        4       0
                text35                             255C     255C      474        4       0
                intcode_body                       48E0     48E0       92        4       0
                text33                             4D2A     4D2A       78        4       0
                text32                             5626     5626       10        4       0
                text31                             53F2     53F2       30        4       0
                text30                             51E2     51E2       44        4       0
                text29                             54D4     54D4       28        4       0
                text28                             4FAC     4FAC       56        4       0
                text27                             4DA2     4DA2       76        4       0
                text26                             50FE     50FE       50        4       0
                text25                             4EEE     4EEE       62        4       0
                text24                             54FC     54FC       26        4       0
                text23                             5636     5636        A        4       0
                text22                             5268     5268       40        4       0
                text21                             5614     5614       12        4       0
                text20                             44B4     44B4       C8        4       0
                text19                             53C2     53C2       30        4       0
                text18                             40DA     40DA      10C        4       0
                text17                             3342     3342      268        4       0
                text16                             514E     514E       4C        4       0
                text15                             3D3C     3D3C      144        4       0
                text14                             463A     463A       BC        4       0
                text13                             4846     4846       9A        4       0
                text12                             4CAE     4CAE       7C        4       0
                text11                             38F4     38F4      188        4       0
                text10                             3756     3756      19E        4       0
                text9                              457C     457C       BE        4       0
                text8                              47A4     47A4       A2        4       0
                text7                              3BDE     3BDE      15E        4       0
                text6                              535A     535A       36        4       0
                text5                              2E08     2E08      2D0        4       0
                text4                              54AA     54AA       2A        4       0
                text3                              2066     2066      4F6        4       0
                text2                                1A       1A      E24        4       0
                text1                              5390     5390       32        4       0
                text0                              19D0     19D0      696        4       0
                cstackCOMRAM                          1        1       75        1       1
                cstackBANK0                          80       80       59       80       1
                cstackBANK1                         194      194       23      100       1
                dataBANK1                           100      100       54      100       1
                bssBANK1                            154      154       40      100       1
                dataBANK0                            E9       E9        8       80       1
                bssBANK0                             D9       D9       10       80       1
                dataCOMRAM                           7A       7A        4        1       1
                bssCOMRAM                            76       76        4        1       1
                cinit                              4B1E     4B1E       8A        4       0
                idataBANK1                         5058     5058       54        4       0
                idataBANK0                         564A     564A        8        4       0
                idataCOMRAM                        5652     5652        4        4       0

TOTAL           Name                               Link     Load   Length     Space
        CLASS   STACK          

        CLASS   CODE           
                end_init                             16       16        4         0
                intcode                               8        8        E         0
                reset_vec                             0        0        4         0
                text72                             5590     5590       24         0
                text71                             5450     5450       2E         0
                text70                             55B4     55B4       22         0
                text69                             519A     519A       48         0
                text68                             5226     5226       42         0
                text67                             5002     5002       56         0
                text66                             556C     556C       24         0
                text65                             4972     4972       90         0
                text64                             5548     5548       24         0
                text63                             46F6     46F6       AE         0
                text62                             35AA     35AA      1AC         0
                text61                             52A8     52A8       40         0
                text60                             42DA     42DA       F4         0
                text59                             4C2C     4C2C       82         0
                text58                             4E88     4E88       66         0
                text57                             4F50     4F50       5C         0
                text56                             3FB2     3FB2      128         0
                text55                             3E80     3E80      132         0
                text54                             4BA8     4BA8       84         0
                text53                             4E18     4E18       70         0
                text52                             41E6     41E6       F4         0
                text51                             5522     5522       26         0
                text50                             30D8     30D8      26A         0
                text49                             55F6     55F6       1E         0
                text48                             29D0     29D0      438         0
                text47                              E3E      E3E      B92         0
                text46                             5422     5422       2E         0
                text45                             3A7C     3A7C      162         0
                text44                             547E     547E       2C         0
                text43                             55D6     55D6       20         0
                text42                             5322     5322       38         0
                text41                             43CE     43CE       E6         0
                text40                             52E8     52E8       3A         0
                text39                             4A90     4A90       8E         0
                text38                             4A02     4A02       8E         0
                text37                             50AC     50AC       52         0
                text36                             5640     5640        A         0
                text35                             255C     255C      474         0
                intcode_body                       48E0     48E0       92         0
                text33                             4D2A     4D2A       78         0
                text32                             5626     5626       10         0
                text31                             53F2     53F2       30         0
                text30                             51E2     51E2       44         0
                text29                             54D4     54D4       28         0
                text28                             4FAC     4FAC       56         0
                text27                             4DA2     4DA2       76         0
                text26                             50FE     50FE       50         0
                text25                             4EEE     4EEE       62         0
                text24                             54FC     54FC       26         0
                text23                             5636     5636        A         0
                text22                             5268     5268       40         0
                text21                             5614     5614       12         0
                text20                             44B4     44B4       C8         0
                text19                             53C2     53C2       30         0
                text18                             40DA     40DA      10C         0
                text17                             3342     3342      268         0
                text16                             514E     514E       4C         0
                text15                             3D3C     3D3C      144         0
                text14                             463A     463A       BC         0
                text13                             4846     4846       9A         0
                text12                             4CAE     4CAE       7C         0
                text11                             38F4     38F4      188         0
                text10                             3756     3756      19E         0
                text9                              457C     457C       BE         0
                text8                              47A4     47A4       A2         0
                text7                              3BDE     3BDE      15E         0
                text6                              535A     535A       36         0
                text5                              2E08     2E08      2D0         0
                text4                              54AA     54AA       2A         0
                text3                              2066     2066      4F6         0
                text2                                1A       1A      E24         0
                text1                              5390     5390       32         0
                text0                              19D0     19D0      696         0
                cinit                              4B1E     4B1E       8A         0
                idataBANK1                         5058     5058       54         0
                idataBANK0                         564A     564A        8         0
                idataCOMRAM                        5652     5652        4         0

        CLASS   CONST          

        CLASS   SMALLCONST     

        CLASS   MEDIUMCONST    
                mediumconst                        FF00     FF00      100         0

        CLASS   COMRAM         
                temp                                 7E       7E        1         1
                cstackCOMRAM                          1        1       75         1
                dataCOMRAM                           7A       7A        4         1
                bssCOMRAM                            76       76        4         1

        CLASS   ABS1           

        CLASS   BIGRAM         

        CLASS   RAM            

        CLASS   BANK0          
                cstackBANK0                          80       80       59         1
                dataBANK0                            E9       E9        8         1
                bssBANK0                             D9       D9       10         1

        CLASS   BANK1          
                cstackBANK1                         194      194       23         1
                dataBANK1                           100      100       54         1
                bssBANK1                            154      154       40         1

        CLASS   BANK2          

        CLASS   BANK3          

        CLASS   BANK4          

        CLASS   BANK5          

        CLASS   BANK6          

        CLASS   BANK7          

        CLASS   BANK8          

        CLASS   BANK9          

        CLASS   BANK10         

        CLASS   BANK11         

        CLASS   BANK12         

        CLASS   BANK13         

        CLASS   BANK14         

        CLASS   BANK15         

        CLASS   SFR            

        CLASS   FARRAM         

        CLASS   CONFIG         
                config                           300000   300000        E         0

        CLASS   IDLOC          
                idloc                            200000   200000        8         0

        CLASS   EEDATA         



SEGMENTS        Name                           Load    Length   Top    Selector   Space  Class

                reset_vec                      000000  000004  000004         0       0  CODE    
                cstackCOMRAM                   000001  00007E  00007F         1       1  COMRAM  
                intcode                        000008  00564E  005656         4       0  CODE    
                cstackBANK0                    000080  000071  0000F1        80       1  BANK0   
                dataBANK1                      000100  0000B7  0001B7       100       1  BANK1   
                mediumconst                    00FF00  000100  010000      7F80       0  MEDIUMCO
                idloc                          200000  000008  200008    200000       0  IDLOC   
                config                         300000  00000E  30000E    300000       0  CONFIG  


UNUSED ADDRESS RANGES

        Name                Unused          Largest block    Delta
        BANK0            0000F1-0000FF                F
        BANK1            0001B7-0001FF               49
        BANK10           000A00-000AFF              100
        BANK11           000B00-000BFF              100
        BANK12           000C00-000CFF              100
        BANK13           000D00-000DFF              100
        BANK14           000E00-000EFF              100
        BANK15           000F00-000F7F               80
        BANK2            000200-0002FF              100
        BANK3            000300-0003FF              100
        BANK4            000400-0004FF              100
        BANK5            000500-0005FF              100
        BANK6            000600-0006FF              100
        BANK7            000700-0007FF              100
        BANK8            000800-0008FF              100
        BANK9            000900-0009FF              100
        BIGRAM           00007F-00007F                1
                         0000F1-0000FF                F
                         0001B7-000F7F              DC9
        CODE             000004-000007                4
                         005656-00FEFF             A8AA
        COMRAM           00007F-00007F                1
        CONST            000004-000007                4
                         005656-00FEFF             A8AA
        EEDATA           F00000-F003FF              400
        MEDIUMCONST      005656-00FEFF             A8AA
        RAM              0000F1-0000FF                F
                         0001B7-000F7F              100
        SFR              000F80-000FFF               80
        SMALLCONST       005656-00FEFF              100
        STACK            0001B7-000F7F              DC9

                                  Symbol Table

?___awdiv                     cstackBANK0  000094
?___awmod                     cstackBANK0  00008E
?___awtoft                    cstackCOMRAM 000015
?___ftadd                     cstackBANK0  0000BB
?___ftdiv                     cstackCOMRAM 000019
?___ftmul                     cstackBANK0  0000A2
?___ftneg                     cstackBANK0  00008E
?___ftpack                    cstackBANK0  00008E
?___ftsub                     cstackBANK0  0000C7
?___fttol                     cstackBANK0  0000B8
?___lldiv                     cstackBANK0  00008E
?___llmod                     cstackBANK0  00009B
?___lltoft                    cstackBANK0  000096
?___lwdiv                     cstackBANK0  0000A2
?___wmul                      cstackBANK0  00009C
?__div_to_l_                  cstackBANK0  00008E
?__tdiv_to_l_                 cstackBANK0  00008E
?_fround                      cstackBANK0  0000B1
?_read_adc_raw_no_lib         cstackCOMRAM 000001
?_read_adc_temp               cstackCOMRAM 000028
?_read_adc_temp2              cstackCOMRAM 000028
?_scale                       cstackBANK0  0000B1
?_sprintf                     cstackBANK0  0000CD
?i2___awdiv                   cstackCOMRAM 000007
?i2___awmod                   cstackCOMRAM 000001
?i2___ftadd                   cstackCOMRAM 00002E
?i2___ftmul                   cstackCOMRAM 000015
?i2___ftneg                   cstackCOMRAM 000001
?i2___ftpack                  cstackCOMRAM 000001
?i2___ftsub                   cstackCOMRAM 00003A
?i2___fttol                   cstackCOMRAM 000024
?i2___lldiv                   cstackCOMRAM 000001
?i2___llmod                   cstackCOMRAM 00000E
?i2___lltoft                  cstackCOMRAM 000009
?i2___lwdiv                   cstackCOMRAM 000015
?i2___wmul                    cstackCOMRAM 00000F
?i2__div_to_l_                cstackCOMRAM 000001
?i2__tdiv_to_l_               cstackCOMRAM 000001
?i2_fround                    cstackCOMRAM 000024
?i2_scale                     cstackCOMRAM 000024
?i2_sprintf                   cstackCOMRAM 000043
_ADCON0                       (abs)        000FC2
_ADCON0bits                   (abs)        000FC2
_ADCON1                       (abs)        000FC1
_ADCON2                       (abs)        000FC0
_ADRESH                       (abs)        000FC4
_ADRESL                       (abs)        000FC3
_Buffer1                      bssBANK1     000154
_Buffer2                      bssBANK1     000164
_Buffer3                      bssBANK1     000174
_Buffer4                      bssBANK1     000184
_CK_state                     bssCOMRAM    000076
_CT                           bssBANK0     0000D9
_EXT_Int0_isr                 text45       003A7C
_EXT_Int1_isr                 text44       00547E
_EXT_Int2_isr                 text43       0055D6
_HT_state                     bssCOMRAM    000078
_INTCON                       (abs)        000FF2
_INTCON2                      (abs)        000FF1
_INTCON2bits                  (abs)        000FF1
_INTCON3                      (abs)        000FF0
_INTCON3bits                  (abs)        000FF0
_INTCONbits                   (abs)        000FF2
_LCD_INIT_STRING              dataBANK0    0000E9
_PIE1                         (abs)        000F9D
_PIE2                         (abs)        000FA0
_PIR1                         (abs)        000F9E
_PORTBbits                    (abs)        000F81
_PORTCbits                    (abs)        000F82
_PORTDbits                    (abs)        000F83
_PORTEbits                    (abs)        000F84
_RCONbits                     (abs)        000FD0
_SP                           bssBANK0     0000DC
_StateOFF                     dataCOMRAM   00007A
_StateON                      dataBANK0    0000ED
_T0CON                        (abs)        000FD5
_T0CONbits                    (abs)        000FD5
_TMR0H                        (abs)        000FD7
_TMR0L                        (abs)        000FD6
_TRISA                        (abs)        000F92
_TRISB                        (abs)        000F93
_TRISC                        (abs)        000F94
_TRISD                        (abs)        000F95
_TRISE                        (abs)        000F96
_Totsec                       bssBANK0     0000DF
__CFG_BOREN$SBORDIS           (abs)        000000
__CFG_BORV$3                  (abs)        000000
__CFG_CCP2MX$PORTC            (abs)        000000
__CFG_CP0$OFF                 (abs)        000000
__CFG_CP1$OFF                 (abs)        000000
__CFG_CP2$OFF                 (abs)        000000
__CFG_CP3$OFF                 (abs)        000000
__CFG_CPB$OFF                 (abs)        000000
__CFG_CPD$OFF                 (abs)        000000
__CFG_EBTR0$OFF               (abs)        000000
__CFG_EBTR1$OFF               (abs)        000000
__CFG_EBTR2$OFF               (abs)        000000
__CFG_EBTR3$OFF               (abs)        000000
__CFG_EBTRB$OFF               (abs)        000000
__CFG_FCMEN$OFF               (abs)        000000
__CFG_IESO$OFF                (abs)        000000
__CFG_LPT1OSC$OFF             (abs)        000000
__CFG_LVP$ON                  (abs)        000000
__CFG_MCLRE$ON                (abs)        000000
__CFG_OSC$XT                  (abs)        000000
__CFG_PBADEN$ON               (abs)        000000
__CFG_PWRT$OFF                (abs)        000000
__CFG_STVREN$ON               (abs)        000000
__CFG_WDT$ON                  (abs)        000000
__CFG_WDTPS$32768             (abs)        000000
__CFG_WRT0$OFF                (abs)        000000
__CFG_WRT1$OFF                (abs)        000000
__CFG_WRT2$OFF                (abs)        000000
__CFG_WRT3$OFF                (abs)        000000
__CFG_WRTB$OFF                (abs)        000000
__CFG_WRTC$OFF                (abs)        000000
__CFG_WRTD$OFF                (abs)        000000
__CFG_XINST$OFF               (abs)        000000
__HRAM                        (abs)        000000
__Habs1                       abs1         000000
__Hbank0                      bank0        000000
__Hbank1                      bank1        000000
__Hbank10                     bank10       000000
__Hbank11                     bank11       000000
__Hbank12                     bank12       000000
__Hbank13                     bank13       000000
__Hbank14                     bank14       000000
__Hbank15                     bank15       000000
__Hbank2                      bank2        000000
__Hbank3                      bank3        000000
__Hbank4                      bank4        000000
__Hbank5                      bank5        000000
__Hbank6                      bank6        000000
__Hbank7                      bank7        000000
__Hbank8                      bank8        000000
__Hbank9                      bank9        000000
__Hbigbss                     bigbss       000000
__Hbigdata                    bigdata      000000
__Hbigram                     bigram       000000
__Hbss                        bss          000000
__HbssBANK0                   bssBANK0     000000
__HbssBANK1                   bssBANK1     000000
__HbssCOMRAM                  bssCOMRAM    000000
__Hcinit                      cinit        000000
__Hclrtext                    clrtext      000000
__Hcomram                     comram       000000
__Hconfig                     config       30000E
__Hconst                      const        000000
__HcstackBANK0                cstackBANK0  000000
__HcstackBANK1                cstackBANK1  000000
__HcstackCOMRAM               cstackCOMRAM 000000
__Hdata                       data         000000
__HdataBANK0                  dataBANK0    000000
__HdataBANK1                  dataBANK1    000000
__HdataCOMRAM                 dataCOMRAM   000000
__Heeprom_data                eeprom_data  000000
__Hend_init                   end_init     00001A
__Hfarbss                     farbss       000000
__Hfardata                    fardata      000000
__Hibigdata                   ibigdata     000000
__Hidata                      idata        000000
__HidataBANK0                 idataBANK0   000000
__HidataBANK1                 idataBANK1   000000
__HidataCOMRAM                idataCOMRAM  000000
__Hidloc                      idloc        200008
__Hifardata                   ifardata     000000
__Hinit                       init         000016
__Hintcode                    intcode      000016
__Hintcode_body               intcode_body 000000
__Hintcodelo                  intcodelo    000016
__Hintentry                   intentry     000000
__Hintret                     intret       000000
__Hintsave_regs               intsave_regs 000000
__Hirdata                     irdata       000000
__Hmediumconst                mediumconst  010000
__HnvFARRAM                   nvFARRAM     000000
__Hnvbit                      nvbit        000000
__Hnvrram                     nvrram       000000
__Hparam                      rparam       000000
__Hpowerup                    powerup      000016
__Hram                        ram          000000
__Hramtop                     ramtop       001000
__Hrbit                       rbit         000000
__Hrbss                       rbss         000000
__Hrdata                      rdata        000000
__Hreset_vec                  reset_vec    000004
__Hrparam                     rparam       000000
__Hsfr                        sfr          000000
__Hsmallconst                 smallconst   000000
__Hspace_0                    (abs)        30000E
__Hspace_1                    (abs)        0001B7
__Hspace_2                    (abs)        000000
__Hstack                      stack        000000
__Hstruct                     struct       000000
__Htemp                       temp         00007F
__Htext                       text         000000
__Htext0                      text0        000000
__Htext1                      text1        000000
__Htext10                     text10       000000
__Htext11                     text11       000000
__Htext12                     text12       000000
__Htext13                     text13       000000
__Htext14                     text14       000000
__Htext15                     text15       000000
__Htext16                     text16       000000
__Htext17                     text17       000000
__Htext18                     text18       000000
__Htext19                     text19       000000
__Htext2                      text2        000000
__Htext20                     text20       000000
__Htext21                     text21       000000
__Htext22                     text22       000000
__Htext23                     text23       000000
__Htext24                     text24       000000
__Htext25                     text25       000000
__Htext26                     text26       000000
__Htext27                     text27       000000
__Htext28                     text28       000000
__Htext29                     text29       000000
__Htext3                      text3        000000
__Htext30                     text30       000000
__Htext31                     text31       000000
__Htext32                     text32       000000
__Htext33                     text33       000000
__Htext35                     text35       000000
__Htext36                     text36       000000
__Htext37                     text37       000000
__Htext38                     text38       000000
__Htext39                     text39       000000
__Htext4                      text4        000000
__Htext40                     text40       000000
__Htext41                     text41       000000
__Htext42                     text42       000000
__Htext43                     text43       000000
__Htext44                     text44       000000
__Htext45                     text45       000000
__Htext46                     text46       000000
__Htext47                     text47       000000
__Htext48                     text48       000000
__Htext49                     text49       000000
__Htext5                      text5        000000
__Htext50                     text50       000000
__Htext51                     text51       000000
__Htext52                     text52       000000
__Htext53                     text53       000000
__Htext54                     text54       000000
__Htext55                     text55       000000
__Htext56                     text56       000000
__Htext57                     text57       000000
__Htext58                     text58       000000
__Htext59                     text59       000000
__Htext6                      text6        000000
__Htext60                     text60       000000
__Htext61                     text61       000000
__Htext62                     text62       000000
__Htext63                     text63       000000
__Htext64                     text64       000000
__Htext65                     text65       000000
__Htext66                     text66       000000
__Htext67                     text67       000000
__Htext68                     text68       000000
__Htext69                     text69       000000
__Htext7                      text7        000000
__Htext70                     text70       000000
__Htext71                     text71       000000
__Htext72                     text72       000000
__Htext8                      text8        000000
__Htext9                      text9        000000
__LRAM                        (abs)        000001
__Labs1                       abs1         000000
__Lbank0                      bank0        000000
__Lbank1                      bank1        000000
__Lbank10                     bank10       000000
__Lbank11                     bank11       000000
__Lbank12                     bank12       000000
__Lbank13                     bank13       000000
__Lbank14                     bank14       000000
__Lbank15                     bank15       000000
__Lbank2                      bank2        000000
__Lbank3                      bank3        000000
__Lbank4                      bank4        000000
__Lbank5                      bank5        000000
__Lbank6                      bank6        000000
__Lbank7                      bank7        000000
__Lbank8                      bank8        000000
__Lbank9                      bank9        000000
__Lbigbss                     bigbss       000000
__Lbigdata                    bigdata      000000
__Lbigram                     bigram       000000
__Lbss                        bss          000000
__LbssBANK0                   bssBANK0     000000
__LbssBANK1                   bssBANK1     000000
__LbssCOMRAM                  bssCOMRAM    000000
__Lcinit                      cinit        000000
__Lclrtext                    clrtext      000000
__Lcomram                     comram       000000
__Lconfig                     config       300000
__Lconst                      const        000000
__LcstackBANK0                cstackBANK0  000000
__LcstackBANK1                cstackBANK1  000000
__LcstackCOMRAM               cstackCOMRAM 000000
__Ldata                       data         000000
__LdataBANK0                  dataBANK0    000000
__LdataBANK1                  dataBANK1    000000
__LdataCOMRAM                 dataCOMRAM   000000
__Leeprom_data                eeprom_data  000000
__Lend_init                   end_init     000016
__Lfarbss                     farbss       000000
__Lfardata                    fardata      000000
__Libigdata                   ibigdata     000000
__Lidata                      idata        000000
__LidataBANK0                 idataBANK0   000000
__LidataBANK1                 idataBANK1   000000
__LidataCOMRAM                idataCOMRAM  000000
__Lidloc                      idloc        200000
__Lifardata                   ifardata     000000
__Linit                       init         000016
__Lintcode                    intcode      000008
__Lintcode_body               intcode_body 000000
__Lintcodelo                  intcodelo    000016
__Lintentry                   intentry     000000
__Lintret                     intret       000000
__Lintsave_regs               intsave_regs 000000
__Lirdata                     irdata       000000
__Lmediumconst                mediumconst  00FF00
__LnvFARRAM                   nvFARRAM     000000
__Lnvbit                      nvbit        000000
__Lnvrram                     nvrram       000000
__Lparam                      rparam       000000
__Lpowerup                    powerup      000016
__Lram                        ram          000000
__Lramtop                     ramtop       001000
__Lrbit                       rbit         000000
__Lrbss                       rbss         000000
__Lrdata                      rdata        000000
__Lreset_vec                  reset_vec    000000
__Lrparam                     rparam       000000
__Lsfr                        sfr          000000
__Lsmallconst                 smallconst   000000
__Lspace_0                    (abs)        000000
__Lspace_1                    (abs)        000000
__Lspace_2                    (abs)        000000
__Lstack                      stack        000000
__Lstruct                     struct       000000
__Ltemp                       temp         00007E
__Ltext                       text         000000
__Ltext0                      text0        000000
__Ltext1                      text1        000000
__Ltext10                     text10       000000
__Ltext11                     text11       000000
__Ltext12                     text12       000000
__Ltext13                     text13       000000
__Ltext14                     text14       000000
__Ltext15                     text15       000000
__Ltext16                     text16       000000
__Ltext17                     text17       000000
__Ltext18                     text18       000000
__Ltext19                     text19       000000
__Ltext2                      text2        000000
__Ltext20                     text20       000000
__Ltext21                     text21       000000
__Ltext22                     text22       000000
__Ltext23                     text23       000000
__Ltext24                     text24       000000
__Ltext25                     text25       000000
__Ltext26                     text26       000000
__Ltext27                     text27       000000
__Ltext28                     text28       000000
__Ltext29                     text29       000000
__Ltext3                      text3        000000
__Ltext30                     text30       000000
__Ltext31                     text31       000000
__Ltext32                     text32       000000
__Ltext33                     text33       000000
__Ltext35                     text35       000000
__Ltext36                     text36       000000
__Ltext37                     text37       000000
__Ltext38                     text38       000000
__Ltext39                     text39       000000
__Ltext4                      text4        000000
__Ltext40                     text40       000000
__Ltext41                     text41       000000
__Ltext42                     text42       000000
__Ltext43                     text43       000000
__Ltext44                     text44       000000
__Ltext45                     text45       000000
__Ltext46                     text46       000000
__Ltext47                     text47       000000
__Ltext48                     text48       000000
__Ltext49                     text49       000000
__Ltext5                      text5        000000
__Ltext50                     text50       000000
__Ltext51                     text51       000000
__Ltext52                     text52       000000
__Ltext53                     text53       000000
__Ltext54                     text54       000000
__Ltext55                     text55       000000
__Ltext56                     text56       000000
__Ltext57                     text57       000000
__Ltext58                     text58       000000
__Ltext59                     text59       000000
__Ltext6                      text6        000000
__Ltext60                     text60       000000
__Ltext61                     text61       000000
__Ltext62                     text62       000000
__Ltext63                     text63       000000
__Ltext64                     text64       000000
__Ltext65                     text65       000000
__Ltext66                     text66       000000
__Ltext67                     text67       000000
__Ltext68                     text68       000000
__Ltext69                     text69       000000
__Ltext7                      text7        000000
__Ltext70                     text70       000000
__Ltext71                     text71       000000
__Ltext72                     text72       000000
__Ltext8                      text8        000000
__Ltext9                      text9        000000
__S0                          (abs)        30000E
__S1                          (abs)        0001B7
__S2                          (abs)        000000
___awdiv                      text9        00457C
___awdiv@counter              cstackBANK0  000098
___awdiv@dividend             cstackBANK0  000094
___awdiv@divisor              cstackBANK0  000096
___awdiv@quotient             cstackBANK0  00009A
___awdiv@sign                 cstackBANK0  000099
___awmod                      text8        0047A4
___awmod@counter              cstackBANK0  000092
___awmod@dividend             cstackBANK0  00008E
___awmod@divisor              cstackBANK0  000090
___awmod@sign                 cstackBANK0  000093
___awtoft                     text42       005322
___awtoft@c                   cstackCOMRAM 000015
___awtoft@sign                cstackCOMRAM 000018
___ftadd                      text17       003342
___ftadd@exp1                 cstackBANK0  0000C6
___ftadd@exp2                 cstackBANK0  0000C5
___ftadd@f1                   cstackBANK0  0000BB
___ftadd@f2                   cstackBANK0  0000BE
___ftadd@sign                 cstackBANK0  0000C4
___ftdiv                      text41       0043CE
___ftdiv@cntr                 cstackCOMRAM 000022
___ftdiv@exp                  cstackCOMRAM 000026
___ftdiv@f1                   cstackCOMRAM 000019
___ftdiv@f2                   cstackCOMRAM 00001C
___ftdiv@f3                   cstackCOMRAM 000023
___ftdiv@sign                 cstackCOMRAM 000027
___ftge                       text20       0044B4
___ftge@ff1                   cstackBANK0  00008E
___ftge@ff2                   cstackBANK0  000091
___ftmul                      text7        003BDE
___ftmul@cntr                 cstackBANK0  0000AF
___ftmul@exp                  cstackBANK0  0000AB
___ftmul@f1                   cstackBANK0  0000A2
___ftmul@f2                   cstackBANK0  0000A5
___ftmul@f3_as_product        cstackBANK0  0000AC
___ftmul@sign                 cstackBANK0  0000B0
___ftneg                      text19       0053C2
___ftneg@f1                   cstackBANK0  00008E
___ftpack                     text18       0040DA
___ftpack@arg                 cstackBANK0  00008E
___ftpack@exp                 cstackBANK0  000091
___ftpack@sign                cstackBANK0  000092
___ftsub                      text16       00514E
___ftsub@f1                   cstackBANK0  0000C7
___ftsub@f2                   cstackBANK0  0000CA
___fttol                      text15       003D3C
___fttol@exp1                 cstackBANK0  0000C6
___fttol@f1                   cstackBANK0  0000B8
___fttol@lval                 cstackBANK0  0000C2
___fttol@sign1                cstackBANK0  0000C1
___inthi_sp                   stack        000000
___intlo_sp                   stack        000000
___lldiv                      text14       00463A
___lldiv@counter              cstackBANK0  00009A
___lldiv@dividend             cstackBANK0  00008E
___lldiv@divisor              cstackBANK0  000092
___lldiv@quotient             cstackBANK0  000096
___llmod                      text13       004846
___llmod@counter              cstackBANK0  0000A3
___llmod@dividend             cstackBANK0  00009B
___llmod@divisor              cstackBANK0  00009F
___lltoft                     text12       004CAE
___lltoft@c                   cstackBANK0  000096
___lltoft@exp                 cstackBANK0  00009E
___lwdiv                      text33       004D2A
___lwdiv@counter              cstackBANK0  0000A8
___lwdiv@dividend             cstackBANK0  0000A2
___lwdiv@divisor              cstackBANK0  0000A4
___lwdiv@quotient             cstackBANK0  0000A6
___param_bank                 (abs)        000010
___rparam_used                (abs)        000001
___sp                         stack        000000
___wmul                       text6        00535A
___wmul@multiplicand          cstackBANK0  00009E
___wmul@multiplier            cstackBANK0  00009C
___wmul@product               cstackBANK0  0000A0
__accesstop                   (abs)        000080
__activetblptr                (abs)        000003
__div_to_l_                   text11       0038F4
__div_to_l_@cntr              cstackBANK0  000098
__div_to_l_@exp1              cstackBANK0  000099
__div_to_l_@f1                cstackBANK0  00008E
__div_to_l_@f2                cstackBANK0  000091
__div_to_l_@quot              cstackBANK0  000094
__end_of_EXT_Int0_isr         text45       003BDE
__end_of_EXT_Int1_isr         text44       0054AA
__end_of_EXT_Int2_isr         text43       0055F6
__end_of___awdiv              text9        00463A
__end_of___awmod              text8        004846
__end_of___awtoft             text42       00535A
__end_of___ftadd              text17       0035AA
__end_of___ftdiv              text41       0044B4
__end_of___ftge               text20       00457C
__end_of___ftmul              text7        003D3C
__end_of___ftneg              text19       0053F2
__end_of___ftpack             text18       0041E6
__end_of___ftsub              text16       00519A
__end_of___fttol              text15       003E80
__end_of___lldiv              text14       0046F6
__end_of___llmod              text13       0048E0
__end_of___lltoft             text12       004D2A
__end_of___lwdiv              text33       004DA2
__end_of___wmul               text6        005390
__end_of__div_to_l_           text11       003A7C
__end_of__initialization      cinit        004B9E
__end_of__npowers_            mediumconst  00FF50
__end_of__powers_             mediumconst  00FF77
__end_of__tdiv_to_l_          text10       0038F4
__end_of_delay_cycles         text30       005226
__end_of_delay_ms             text31       005422
__end_of_dpowers              mediumconst  00FF29
__end_of_fround               text5        0030D8
__end_of_highIsr              intcode_body 004972
__end_of_init_adc_no_lib      text32       005636
__end_of_isdigit              text4        0054D4
__end_of_lcd_gotoxy           text26       00514E
__end_of_lcd_init             text27       004E18
__end_of_lcd_putc             text25       004F50
__end_of_lcd_puts             text24       005522
__end_of_lcd_send_byte        text28       005002
__end_of_lcd_send_nibble      text29       0054FC
__end_of_main                 text0        002066
__end_of_read_adc_raw_no_lib  text40       005322
__end_of_read_adc_temp        text39       004B1E
__end_of_read_adc_temp2       text38       004A90
__end_of_reloadTimer0         text23       005640
__end_of_scale                text3        00255C
__end_of_setupInterrupts      text22       0052A8
__end_of_setupPorts           text21       005626
__end_of_sprintf              text2        000E3E
__end_of_strcpy               text1        0053C2
__end_of_timer0_isr           text35       0029D0
__end_ofi2___awdiv            text54       004C2C
__end_ofi2___awmod            text53       004E88
__end_ofi2___ftadd            text62       003756
__end_ofi2___ftge             text65       004A02
__end_ofi2___ftmul            text52       0042DA
__end_ofi2___ftneg            text64       00556C
__end_ofi2___ftpack           text63       0047A4
__end_ofi2___ftsub            text61       0052E8
__end_ofi2___fttol            text60       0043CE
__end_ofi2___lldiv            text59       004CAE
__end_ofi2___llmod            text58       004EEE
__end_ofi2___lltoft           text57       004FAC
__end_ofi2___lwdiv            text37       0050FE
__end_ofi2___wmul             text51       005548
__end_ofi2__div_to_l_         text56       0040DA
__end_ofi2__tdiv_to_l_        text55       003FB2
__end_ofi2_delay_cycles       text71       00547E
__end_ofi2_delay_ms           text72       0055B4
__end_ofi2_fround             text50       003342
__end_ofi2_isdigit            text49       005614
__end_ofi2_lcd_gotoxy         text68       005268
__end_ofi2_lcd_putc           text67       005058
__end_ofi2_lcd_puts           text66       005590
__end_ofi2_lcd_send_byte      text69       0051E2
__end_ofi2_lcd_send_nibble    text70       0055D6
__end_ofi2_reloadTimer0       text36       00564A
__end_ofi2_scale              text48       002E08
__end_ofi2_sprintf            text47       0019D0
__end_ofi2_strcpy             text46       005450
__initialization              cinit        004B1E
__mediumconst                 mediumconst  00FF00
__npowers_                    mediumconst  00FF29
__pbssBANK0                   bssBANK0     0000D9
__pbssBANK1                   bssBANK1     000154
__pbssCOMRAM                  bssCOMRAM    000076
__pcinit                      cinit        004B1E
__pcstackBANK0                cstackBANK0  000080
__pcstackBANK1                cstackBANK1  000194
__pcstackCOMRAM               cstackCOMRAM 000001
__pdataBANK0                  dataBANK0    0000E9
__pdataBANK1                  dataBANK1    000100
__pdataCOMRAM                 dataCOMRAM   00007A
__pidataBANK0                 idataBANK0   00564A
__pidataBANK1                 idataBANK1   005058
__pidataCOMRAM                idataCOMRAM  005652
__pintcode                    intcode      000008
__pintcode_body               intcode_body 0048E0
__pmediumconst                mediumconst  00FF00
__powers_                     mediumconst  00FF50
__ptext0                      text0        0019D0
__ptext1                      text1        005390
__ptext10                     text10       003756
__ptext11                     text11       0038F4
__ptext12                     text12       004CAE
__ptext13                     text13       004846
__ptext14                     text14       00463A
__ptext15                     text15       003D3C
__ptext16                     text16       00514E
__ptext17                     text17       003342
__ptext18                     text18       0040DA
__ptext19                     text19       0053C2
__ptext2                      text2        00001A
__ptext20                     text20       0044B4
__ptext21                     text21       005614
__ptext22                     text22       005268
__ptext23                     text23       005636
__ptext24                     text24       0054FC
__ptext25                     text25       004EEE
__ptext26                     text26       0050FE
__ptext27                     text27       004DA2
__ptext28                     text28       004FAC
__ptext29                     text29       0054D4
__ptext3                      text3        002066
__ptext30                     text30       0051E2
__ptext31                     text31       0053F2
__ptext32                     text32       005626
__ptext33                     text33       004D2A
__ptext35                     text35       00255C
__ptext36                     text36       005640
__ptext37                     text37       0050AC
__ptext38                     text38       004A02
__ptext39                     text39       004A90
__ptext4                      text4        0054AA
__ptext40                     text40       0052E8
__ptext41                     text41       0043CE
__ptext42                     text42       005322
__ptext43                     text43       0055D6
__ptext44                     text44       00547E
__ptext45                     text45       003A7C
__ptext46                     text46       005422
__ptext47                     text47       000E3E
__ptext48                     text48       0029D0
__ptext49                     text49       0055F6
__ptext5                      text5        002E08
__ptext50                     text50       0030D8
__ptext51                     text51       005522
__ptext52                     text52       0041E6
__ptext53                     text53       004E18
__ptext54                     text54       004BA8
__ptext55                     text55       003E80
__ptext56                     text56       003FB2
__ptext57                     text57       004F50
__ptext58                     text58       004E88
__ptext59                     text59       004C2C
__ptext6                      text6        00535A
__ptext60                     text60       0042DA
__ptext61                     text61       0052A8
__ptext62                     text62       0035AA
__ptext63                     text63       0046F6
__ptext64                     text64       005548
__ptext65                     text65       004972
__ptext66                     text66       00556C
__ptext67                     text67       005002
__ptext68                     text68       005226
__ptext69                     text69       00519A
__ptext7                      text7        003BDE
__ptext70                     text70       0055B4
__ptext71                     text71       005450
__ptext72                     text72       005590
__ptext8                      text8        0047A4
__ptext9                      text9        00457C
__ramtop                      ramtop       001000
__size_of_EXT_Int0_isr        (abs)        000000
__size_of_EXT_Int1_isr        (abs)        000000
__size_of_EXT_Int2_isr        (abs)        000000
__size_of___awdiv             (abs)        000000
__size_of___awmod             (abs)        000000
__size_of___awtoft            (abs)        000000
__size_of___ftadd             (abs)        000000
__size_of___ftdiv             (abs)        000000
__size_of___ftge              (abs)        000000
__size_of___ftmul             (abs)        000000
__size_of___ftneg             (abs)        000000
__size_of___ftpack            (abs)        000000
__size_of___ftsub             (abs)        000000
__size_of___fttol             (abs)        000000
__size_of___lldiv             (abs)        000000
__size_of___llmod             (abs)        000000
__size_of___lltoft            (abs)        000000
__size_of___lwdiv             (abs)        000000
__size_of___wmul              (abs)        000000
__size_of__div_to_l_          (abs)        000000
__size_of__tdiv_to_l_         (abs)        000000
__size_of_delay_cycles        (abs)        000000
__size_of_delay_ms            (abs)        000000
__size_of_fround              (abs)        000000
__size_of_highIsr             (abs)        000000
__size_of_init_adc_no_lib     (abs)        000000
__size_of_isdigit             (abs)        000000
__size_of_lcd_gotoxy          (abs)        000000
__size_of_lcd_init            (abs)        000000
__size_of_lcd_putc            (abs)        000000
__size_of_lcd_puts            (abs)        000000
__size_of_lcd_send_byte       (abs)        000000
__size_of_lcd_send_nibble     (abs)        000000
__size_of_main                (abs)        000000
__size_of_read_adc_raw_no_lib (abs)        000000
__size_of_read_adc_temp       (abs)        000000
__size_of_read_adc_temp2      (abs)        000000
__size_of_reloadTimer0        (abs)        000000
__size_of_scale               (abs)        000000
__size_of_setupInterrupts     (abs)        000000
__size_of_setupPorts          (abs)        000000
__size_of_sprintf             (abs)        000000
__size_of_strcpy              (abs)        000000
__size_of_timer0_isr          (abs)        000000
__size_ofi2___awdiv           (abs)        000000
__size_ofi2___awmod           (abs)        000000
__size_ofi2___ftadd           (abs)        000000
__size_ofi2___ftge            (abs)        000000
__size_ofi2___ftmul           (abs)        000000
__size_ofi2___ftneg           (abs)        000000
__size_ofi2___ftpack          (abs)        000000
__size_ofi2___ftsub           (abs)        000000
__size_ofi2___fttol           (abs)        000000
__size_ofi2___lldiv           (abs)        000000
__size_ofi2___llmod           (abs)        000000
__size_ofi2___lltoft          (abs)        000000
__size_ofi2___lwdiv           (abs)        000000
__size_ofi2___wmul            (abs)        000000
__size_ofi2__div_to_l_        (abs)        000000
__size_ofi2__tdiv_to_l_       (abs)        000000
__size_ofi2_delay_cycles      (abs)        000000
__size_ofi2_delay_ms          (abs)        000000
__size_ofi2_fround            (abs)        000000
__size_ofi2_isdigit           (abs)        000000
__size_ofi2_lcd_gotoxy        (abs)        000000
__size_ofi2_lcd_putc          (abs)        000000
__size_ofi2_lcd_puts          (abs)        000000
__size_ofi2_lcd_send_byte     (abs)        000000
__size_ofi2_lcd_send_nibble   (abs)        000000
__size_ofi2_reloadTimer0      (abs)        000000
__size_ofi2_scale             (abs)        000000
__size_ofi2_sprintf           (abs)        000000
__size_ofi2_strcpy            (abs)        000000
__smallconst                  smallconst   000000
__tdiv_to_l_                  text10       003756
__tdiv_to_l_@cntr             cstackBANK0  00009B
__tdiv_to_l_@exp1             cstackBANK0  00009C
__tdiv_to_l_@f1               cstackBANK0  00008E
__tdiv_to_l_@f2               cstackBANK0  000091
__tdiv_to_l_@quot             cstackBANK0  000097
_clock_setup_SMH              bssBANK0     0000E1
_delay_cycles                 text30       0051E2
_delay_ms                     text31       0053F2
_dpowers                      mediumconst  00FF01
_fround                       text5        002E08
_fround$1559                  cstackBANK0  0000B7
_fround$1560                  cstackBANK0  0000B4
_highIsr                      intcode      000008
_hour                         bssBANK0     0000E5
_init_adc_no_lib              text32       005626
_isdigit                      text4        0054AA
_isdigit$1219                 cstackBANK0  00008F
_lcd                          (abs)        000F83
_lcd_gotoxy                   text26       0050FE
_lcd_init                     text27       004DA2
_lcd_putc                     text25       004EEE
_lcd_puts                     text24       0054FC
_lcd_send_byte                text28       004FAC
_lcd_send_nibble              text29       0054D4
_m0                           dataBANK1    000100
_m1                           dataBANK1    00010E
_m2                           dataBANK1    00011C
_m3                           dataBANK1    00012A
_m4                           dataBANK1    000138
_m5                           dataBANK1    000146
_main                         text0        0019D0
_min                          bssBANK0     0000E7
_read_adc_raw_no_lib          text40       0052E8
_read_adc_temp                text39       004A90
_read_adc_temp2               text38       004A02
_reloadTimer0                 text23       005636
_scale                        text3        002066
_scale$1561                   cstackBANK0  0000B4
_sec                          bssBANK0     0000E3
_setupInterrupts              text22       005268
_setupPorts                   text21       005614
_sprintf                      text2        00001A
_sprintf$1562                 cstackBANK1  00019A
_strcpy                       text1        005390
_timer0_isr                   text35       00255C
btemp                         temp         00007E
delay_cycles@n                cstackBANK0  000091
delay_cycles@x                cstackBANK0  000092
delay_ms@n                    cstackBANK0  00008E
delay_ms@x                    cstackBANK0  000090
end_of_initialization         cinit        004B9E
fround@prec                   cstackBANK0  0000BA
i2___awdiv                    text54       004BA8
i2___awdiv@counter            cstackCOMRAM 00000B
i2___awdiv@dividend           cstackCOMRAM 000007
i2___awdiv@divisor            cstackCOMRAM 000009
i2___awdiv@quotient           cstackCOMRAM 00000D
i2___awdiv@sign               cstackCOMRAM 00000C
i2___awmod                    text53       004E18
i2___awmod@counter            cstackCOMRAM 000005
i2___awmod@dividend           cstackCOMRAM 000001
i2___awmod@divisor            cstackCOMRAM 000003
i2___awmod@sign               cstackCOMRAM 000006
i2___ftadd                    text62       0035AA
i2___ftadd@exp1               cstackCOMRAM 000039
i2___ftadd@exp2               cstackCOMRAM 000038
i2___ftadd@f1                 cstackCOMRAM 00002E
i2___ftadd@f2                 cstackCOMRAM 000031
i2___ftadd@sign               cstackCOMRAM 000037
i2___ftge                     text65       004972
i2___ftge@ff1                 cstackCOMRAM 00003A
i2___ftge@ff2                 cstackCOMRAM 00003D
i2___ftmul                    text52       0041E6
i2___ftmul@cntr               cstackCOMRAM 000022
i2___ftmul@exp                cstackCOMRAM 00001E
i2___ftmul@f1                 cstackCOMRAM 000015
i2___ftmul@f2                 cstackCOMRAM 000018
i2___ftmul@f3_as_product      cstackCOMRAM 00001F
i2___ftmul@sign               cstackCOMRAM 000023
i2___ftneg                    text64       005548
i2___ftneg@f1                 cstackCOMRAM 000001
i2___ftpack                   text63       0046F6
i2___ftpack@arg               cstackCOMRAM 000001
i2___ftpack@exp               cstackCOMRAM 000004
i2___ftpack@sign              cstackCOMRAM 000005
i2___ftsub                    text61       0052A8
i2___ftsub@f1                 cstackCOMRAM 00003A
i2___ftsub@f2                 cstackCOMRAM 00003D
i2___fttol                    text60       0042DA
i2___fttol@exp1               cstackCOMRAM 000032
i2___fttol@f1                 cstackCOMRAM 000024
i2___fttol@lval               cstackCOMRAM 00002E
i2___fttol@sign1              cstackCOMRAM 00002D
i2___lldiv                    text59       004C2C
i2___lldiv@counter            cstackCOMRAM 00000D
i2___lldiv@dividend           cstackCOMRAM 000001
i2___lldiv@divisor            cstackCOMRAM 000005
i2___lldiv@quotient           cstackCOMRAM 000009
i2___llmod                    text58       004E88
i2___llmod@counter            cstackCOMRAM 000016
i2___llmod@dividend           cstackCOMRAM 00000E
i2___llmod@divisor            cstackCOMRAM 000012
i2___lltoft                   text57       004F50
i2___lltoft@c                 cstackCOMRAM 000009
i2___lltoft@exp               cstackCOMRAM 000011
i2___lwdiv                    text37       0050AC
i2___lwdiv@counter            cstackCOMRAM 00001B
i2___lwdiv@dividend           cstackCOMRAM 000015
i2___lwdiv@divisor            cstackCOMRAM 000017
i2___lwdiv@quotient           cstackCOMRAM 000019
i2___wmul                     text51       005522
i2___wmul@multiplicand        cstackCOMRAM 000011
i2___wmul@multiplier          cstackCOMRAM 00000F
i2___wmul@product             cstackCOMRAM 000013
i2__div_to_l_                 text56       003FB2
i2__div_to_l_@cntr            cstackCOMRAM 00000B
i2__div_to_l_@exp1            cstackCOMRAM 00000C
i2__div_to_l_@f1              cstackCOMRAM 000001
i2__div_to_l_@f2              cstackCOMRAM 000004
i2__div_to_l_@quot            cstackCOMRAM 000007
i2__tdiv_to_l_                text55       003E80
i2__tdiv_to_l_@cntr           cstackCOMRAM 00000E
i2__tdiv_to_l_@exp1           cstackCOMRAM 00000F
i2__tdiv_to_l_@f1             cstackCOMRAM 000001
i2__tdiv_to_l_@f2             cstackCOMRAM 000004
i2__tdiv_to_l_@quot           cstackCOMRAM 00000A
i2_delay_cycles               text71       005450
i2_delay_ms                   text72       005590
i2_fround                     text50       0030D8
i2_fround$1776                cstackCOMRAM 00002A
i2_fround$1777                cstackCOMRAM 000027
i2_isdigit                    text49       0055F6
i2_isdigit$1219               cstackCOMRAM 000002
i2_lcd_gotoxy                 text68       005226
i2_lcd_putc                   text67       005002
i2_lcd_puts                   text66       00556C
i2_lcd_send_byte              text69       00519A
i2_lcd_send_nibble            text70       0055B4
i2_reloadTimer0               text36       005640
i2_scale                      text48       0029D0
i2_scale$1778                 cstackCOMRAM 000027
i2_sprintf                    text47       000E3E
i2_sprintf$1779               cstackCOMRAM 000053
i2_strcpy                     text46       005422
i2delay_cycles@n              cstackCOMRAM 000004
i2delay_cycles@x              cstackCOMRAM 000005
i2delay_ms@n                  cstackCOMRAM 000001
i2delay_ms@x                  cstackCOMRAM 000003
i2fround@prec                 cstackCOMRAM 00002D
i2isdigit@c                   cstackCOMRAM 000003
i2lcd_gotoxy@address          cstackCOMRAM 00000D
i2lcd_gotoxy@x                cstackCOMRAM 00000C
i2lcd_gotoxy@y                cstackCOMRAM 00000B
i2lcd_putc@c                  cstackCOMRAM 00000E
i2lcd_puts@s                  cstackCOMRAM 00000F
i2lcd_send_byte@cm_data       cstackCOMRAM 00000A
i2lcd_send_byte@n             cstackCOMRAM 000009
i2lcd_send_nibble@n           cstackCOMRAM 000008
i2scale@scl                   cstackCOMRAM 00002A
i2sprintf@ap                  cstackCOMRAM 000058
i2sprintf@c                   cstackCOMRAM 00006F
i2sprintf@cp                  cstackCOMRAM 000056
i2sprintf@exp                 cstackCOMRAM 000064
i2sprintf@f                   cstackCOMRAM 000045
i2sprintf@flag                cstackCOMRAM 000066
i2sprintf@fval                cstackCOMRAM 000068
i2sprintf@len                 cstackCOMRAM 00005A
i2sprintf@prec                cstackCOMRAM 00006D
i2sprintf@sp                  cstackCOMRAM 000043
i2sprintf@tmpval              cstackCOMRAM 00005C
i2sprintf@val                 cstackCOMRAM 000060
i2sprintf@width               cstackCOMRAM 00006B
i2strcpy@cp                   cstackCOMRAM 000005
i2strcpy@from                 cstackCOMRAM 000003
i2strcpy@to                   cstackCOMRAM 000001
int$flags                     temp         00007E
int_func                      intcode_body 0048E0
intlevel0                     text         000000
intlevel1                     text         000000
intlevel2                     text         000000
intlevel3                     text         000000
isdigit@c                     cstackBANK0  000090
lcd_gotoxy@address            cstackBANK0  00009A
lcd_gotoxy@x                  cstackBANK0  000099
lcd_gotoxy@y                  cstackBANK0  000098
lcd_init@i                    cstackBANK0  000098
lcd_putc@c                    cstackBANK0  00009B
lcd_puts@s                    cstackBANK0  00009C
lcd_send_byte@cm_data         cstackBANK0  000097
lcd_send_byte@n               cstackBANK0  000096
lcd_send_nibble@n             cstackBANK0  000095
read_adc_raw_no_lib@channel   cstackCOMRAM 000007
read_adc_raw_no_lib@raw_value cstackCOMRAM 000005
read_adc_temp2@channel        cstackCOMRAM 000033
read_adc_temp2@raw_value      cstackCOMRAM 000031
read_adc_temp2@temp           cstackCOMRAM 00002E
read_adc_temp2@voltage        cstackCOMRAM 00002B
read_adc_temp@channel         cstackCOMRAM 000033
read_adc_temp@raw_value       cstackCOMRAM 000031
read_adc_temp@temp            cstackCOMRAM 00002E
read_adc_temp@voltage         cstackCOMRAM 00002B
scale@scl                     cstackBANK0  0000B7
sprintf@ap                    cstackBANK1  00019F
sprintf@c                     cstackBANK1  0001B6
sprintf@cp                    cstackBANK1  00019D
sprintf@exp                   cstackBANK1  0001AB
sprintf@f                     cstackBANK0  0000CF
sprintf@flag                  cstackBANK1  0001AD
sprintf@fval                  cstackBANK1  0001AF
sprintf@len                   cstackBANK1  0001A1
sprintf@prec                  cstackBANK1  0001B4
sprintf@sp                    cstackBANK0  0000CD
sprintf@tmpval                cstackBANK1  0001A3
sprintf@val                   cstackBANK1  0001A7
sprintf@width                 cstackBANK1  0001B2
stackhi                       (abs)        000F7F
stacklo                       (abs)        0001B7
start                         init         000016
start_initialization          cinit        004B1E
strcpy@cp                     cstackBANK0  000092
strcpy@from                   cstackBANK0  000090
strcpy@to                     cstackBANK0  00008E
timer0_isr@channe0            cstackCOMRAM 000073
timer0_isr@channe2            cstackCOMRAM 000072
timer0_isr@i                  cstackCOMRAM 000074


FUNCTION INFORMATION:

 *************** function _main *****************
 Defined at:
		line 87 in file "AS1AY.c"
 Parameters:    Size  Location     Type
		None
 Auto vars:     Size  Location     Type
		None
 Return value:  Size  Location     Type
                  1    wreg      void 
 Registers used:
		wreg, fsr1l, fsr1h, fsr2l, fsr2h, status,2, status,0, tblptrl, tblptrh, tblptru, prodl, prodh, cstack
 Tracked objects:
		On entry : 
		On exit  : 
		Unchanged: 
 Data sizes:     COMRAM   BANK0   BANK1   BANK2   BANK3   BANK4   BANK5   BANK6   BANK7   BANK8   BANK9  BANK10  BANK11  BANK12  BANK13  BANK14  BANK15
      Params:         0       0       0       0       0       0       0       0       0       0       0       0       0       0       0       0       0
      Locals:         0       0       0       0       0       0       0       0       0       0       0       0       0       0       0       0       0
      Temps:          0       2       0       0       0       0       0       0       0       0       0       0       0       0       0       0       0
      Totals:         0       2       0       0       0       0       0       0       0       0       0       0       0       0       0       0       0
Total ram usage:        2 bytes
 Hardware stack levels required when called:   14
 This function calls:
		___lwdiv
		___wmul
		_delay_ms
		_init_adc_no_lib
		_lcd_gotoxy
		_lcd_init
		_lcd_puts
		_setupInterrupts
		_setupPorts
		_sprintf
		_strcpy
 This function is called by:
		Startup code after reset
 This function uses a non-reentrant model


 *************** function _strcpy *****************
 Defined at:
		line 8 in file "C:\Program Files (x86)\Microchip\xc8\v1.37\sources\common\strcpy.c"
 Parameters:    Size  Location     Type
  to              2   14[BANK0 ] PTR unsigned char 
		 -> m0(14), 
  from            2   16[BANK0 ] PTR const unsigned char 
		 -> m5(14), m4(14), m3(14), m2(14), 
		 -> m1(14), 
 Auto vars:     Size  Location     Type
  cp              2   18[BANK0 ] PTR unsigned char 
		 -> m0(14), 
 Return value:  Size  Location     Type
                  2   14[BANK0 ] PTR unsigned char 
 Registers used:
		wreg, fsr1l, fsr1h, fsr2l, fsr2h, status,2, status,0
 Tracked objects:
		On entry : 
		On exit  : 
		Unchanged: 
 Data sizes:     COMRAM   BANK0   BANK1   BANK2   BANK3   BANK4   BANK5   BANK6   BANK7   BANK8   BANK9  BANK10  BANK11  BANK12  BANK13  BANK14  BANK15
      Params:         0       4       0       0       0       0       0       0       0       0       0       0       0       0       0       0       0
      Locals:         0       2       0       0       0       0       0       0       0       0       0       0       0       0       0       0       0
      Temps:          0       0       0       0       0       0       0       0       0       0       0       0       0       0       0       0       0
      Totals:         0       6       0       0       0       0       0       0       0       0       0       0       0       0       0       0       0
Total ram usage:        6 bytes
 Hardware stack levels used:    1
 Hardware stack levels required when called:    8
 This function calls:
		Nothing
 This function is called by:
		_main
 This function uses a non-reentrant model


 *************** function _sprintf *****************
 Defined at:
		line 492 in file "C:\Program Files (x86)\Microchip\xc8\v1.37\sources\common\doprnt.c"
 Parameters:    Size  Location     Type
  sp              2   77[BANK0 ] PTR unsigned char 
		 -> Buffer4(16), Buffer3(16), Buffer2(16), Buffer1(16), 
  f               2   79[BANK0 ] PTR const unsigned char 
		 -> STR_20(6), STR_19(16), STR_18(16), STR_17(16), 
		 -> STR_16(16), STR_15(23), STR_14(17), STR_13(17), 
		 -> STR_12(17), STR_11(17), STR_10(17), STR_9(17), 
		 -> STR_8(17), STR_7(17), STR_6(23), STR_5(23), 
		 -> STR_4(17), STR_3(17), STR_2(17), STR_1(23), 
 Auto vars:     Size  Location     Type
  val             4   19[BANK1 ] unsigned long 
  tmpval          4   15[BANK1 ] struct .
  fval            3   27[BANK1 ] struct .
  prec            2   32[BANK1 ] int 
  width           2   30[BANK1 ] int 
  flag            2   25[BANK1 ] unsigned short 
  exp             2   23[BANK1 ] int 
  len             2   13[BANK1 ] unsigned int 
  ap              2   11[BANK1 ] PTR void [1]
		 -> ?i2_sprintf(2), ?_sprintf(2), 
  cp              2    9[BANK1 ] PTR const unsigned char 
		 -> STR_21(7), StateOFF(4), StateON(4), m0(14), 
  c               1   34[BANK1 ] char 
  d               1    0        unsigned char 
 Return value:  Size  Location     Type
                  2   77[BANK0 ] int 
 Registers used:
		wreg, fsr1l, fsr1h, fsr2l, fsr2h, status,2, status,0, tblptrl, tblptrh, tblptru, prodl, prodh, cstack
 Tracked objects:
		On entry : 
		On exit  : 
		Unchanged: 
 Data sizes:     COMRAM   BANK0   BANK1   BANK2   BANK3   BANK4   BANK5   BANK6   BANK7   BANK8   BANK9  BANK10  BANK11  BANK12  BANK13  BANK14  BANK15
      Params:         0      10       0       0       0       0       0       0       0       0       0       0       0       0       0       0       0
      Locals:         0       0      29       0       0       0       0       0       0       0       0       0       0       0       0       0       0
      Temps:          0       0       6       0       0       0       0       0       0       0       0       0       0       0       0       0       0
      Totals:         0      10      35       0       0       0       0       0       0       0       0       0       0       0       0       0       0
Total ram usage:       45 bytes
 Hardware stack levels used:    1
 Hardware stack levels required when called:   11
 This function calls:
		___awdiv
		___ftadd
		___ftge
		___ftmul
		___ftneg
		___ftsub
		___fttol
		___lldiv
		___llmod
		___lltoft
		___wmul
		__div_to_l_
		__tdiv_to_l_
		_fround
		_isdigit
		_scale
 This function is called by:
		_main
 This function uses a non-reentrant model


 *************** function _scale *****************
 Defined at:
		line 425 in file "C:\Program Files (x86)\Microchip\xc8\v1.37\sources\common\doprnt.c"
 Parameters:    Size  Location     Type
  scl             1    wreg     char 
 Auto vars:     Size  Location     Type
  scl             1   55[BANK0 ] char 
 Return value:  Size  Location     Type
                  3   49[BANK0 ] char 
 Registers used:
		wreg, status,2, status,0, tblptrl, tblptrh, tblptru, prodl, prodh, cstack
 Tracked objects:
		On entry : 
		On exit  : 
		Unchanged: 
 Data sizes:     COMRAM   BANK0   BANK1   BANK2   BANK3   BANK4   BANK5   BANK6   BANK7   BANK8   BANK9  BANK10  BANK11  BANK12  BANK13  BANK14  BANK15
      Params:         0       3       0       0       0       0       0       0       0       0       0       0       0       0       0       0       0
      Locals:         0       4       0       0       0       0       0       0       0       0       0       0       0       0       0       0       0
      Temps:          0       0       0       0       0       0       0       0       0       0       0       0       0       0       0       0       0
      Totals:         0       7       0       0       0       0       0       0       0       0       0       0       0       0       0       0       0
Total ram usage:        7 bytes
 Hardware stack levels used:    1
 Hardware stack levels required when called:   10
 This function calls:
		___awdiv
		___awmod
		___ftmul
		___wmul
 This function is called by:
		_sprintf
 This function uses a non-reentrant model


 *************** function _isdigit *****************
 Defined at:
		line 8 in file "C:\Program Files (x86)\Microchip\xc8\v1.37\sources\common\isdigit.c"
 Parameters:    Size  Location     Type
  c               1    wreg     unsigned char 
 Auto vars:     Size  Location     Type
  c               1   16[BANK0 ] unsigned char 
 Return value:  Size  Location     Type
		None               void
 Registers used:
		wreg, status,2, status,0
 Tracked objects:
		On entry : 
		On exit  : 
		Unchanged: 
 Data sizes:     COMRAM   BANK0   BANK1   BANK2   BANK3   BANK4   BANK5   BANK6   BANK7   BANK8   BANK9  BANK10  BANK11  BANK12  BANK13  BANK14  BANK15
      Params:         0       0       0       0       0       0       0       0       0       0       0       0       0       0       0       0       0
      Locals:         0       2       0       0       0       0       0       0       0       0       0       0       0       0       0       0       0
      Temps:          0       1       0       0       0       0       0       0       0       0       0       0       0       0       0       0       0
      Totals:         0       3       0       0       0       0       0       0       0       0       0       0       0       0       0       0       0
Total ram usage:        3 bytes
 Hardware stack levels used:    1
 Hardware stack levels required when called:    8
 This function calls:
		Nothing
 This function is called by:
		_sprintf
 This function uses a non-reentrant model


[...]
      Locals:         0       0       0       0       0       0       0       0       0       0       0       0       0       0       0       0       0
      Temps:          0       0       0       0       0       0       0       0       0       0       0       0       0       0       0       0       0
      Totals:         3       0       0       0       0       0       0       0       0       0       0       0       0       0       0       0       0
Total ram usage:        3 bytes
 Hardware stack levels used:    1
 This function calls:
		Nothing
 This function is called by:
		i2_sprintf
 This function uses a non-reentrant model


 *************** function i2___ftge *****************
 Defined at:
		line 4 in file "C:\Program Files (x86)\Microchip\xc8\v1.37\sources\common\ftge.c"
 Parameters:    Size  Location     Type
  ff1             3   57[COMRAM] float 
  ff2             3   60[COMRAM] float 
 Auto vars:     Size  Location     Type
		None
 Return value:  Size  Location     Type
		None               void
 Registers used:
		wreg, status,2, status,0
 Tracked objects:
		On entry : 
		On exit  : 
		Unchanged: 
 Data sizes:     COMRAM   BANK0   BANK1   BANK2   BANK3   BANK4   BANK5   BANK6   BANK7   BANK8   BANK9  BANK10  BANK11  BANK12  BANK13  BANK14  BANK15
      Params:         6       0       0       0       0       0       0       0       0       0       0       0       0       0       0       0       0
      Locals:         0       0       0       0       0       0       0       0       0       0       0       0       0       0       0       0       0
      Temps:          3       0       0       0       0       0       0       0       0       0       0       0       0       0       0       0       0
      Totals:         9       0       0       0       0       0       0       0       0       0       0       0       0       0       0       0       0
Total ram usage:        9 bytes
 Hardware stack levels used:    1
 This function calls:
		Nothing
 This function is called by:
		_timer0_isr
		i2_sprintf
 This function uses a non-reentrant model


 *************** function i2_lcd_puts *****************
 Defined at:
		line 87 in file "lcd_x8.c"
 Parameters:    Size  Location     Type
  s               2   14[COMRAM] PTR unsigned char 
		 -> Buffer4(16), Buffer3(16), Buffer2(16), Buffer1(16), 
 Auto vars:     Size  Location     Type
		None
 Return value:  Size  Location     Type
                  1    wreg      void 
 Registers used:
		wreg, fsr2l, fsr2h, status,2, status,0, cstack
 Tracked objects:
		On entry : 
		On exit  : 
		Unchanged: 
 Data sizes:     COMRAM   BANK0   BANK1   BANK2   BANK3   BANK4   BANK5   BANK6   BANK7   BANK8   BANK9  BANK10  BANK11  BANK12  BANK13  BANK14  BANK15
      Params:         2       0       0       0       0       0       0       0       0       0       0       0       0       0       0       0       0
      Locals:         0       0       0       0       0       0       0       0       0       0       0       0       0       0       0       0       0
      Temps:          0       0       0       0       0       0       0       0       0       0       0       0       0       0       0       0       0
      Totals:         2       0       0       0       0       0       0       0       0       0       0       0       0       0       0       0       0
Total ram usage:        2 bytes
 Hardware stack levels used:    1
 Hardware stack levels required when called:    5
 This function calls:
		i2_lcd_putc
 This function is called by:
		_timer0_isr
		_EXT_Int0_isr
 This function uses a non-reentrant model


 *************** function i2_lcd_putc *****************
 Defined at:
		line 73 in file "lcd_x8.c"
 Parameters:    Size  Location     Type
  c               1    wreg     unsigned char 
 Auto vars:     Size  Location     Type
  c               1   13[COMRAM] unsigned char 
 Return value:  Size  Location     Type
                  1    wreg      void 
 Registers used:
		wreg, status,2, status,0, cstack
 Tracked objects:
		On entry : 
		On exit  : 
		Unchanged: 
 Data sizes:     COMRAM   BANK0   BANK1   BANK2   BANK3   BANK4   BANK5   BANK6   BANK7   BANK8   BANK9  BANK10  BANK11  BANK12  BANK13  BANK14  BANK15
      Params:         0       0       0       0       0       0       0       0       0       0       0       0       0       0       0       0       0
      Locals:         1       0       0       0       0       0       0       0       0       0       0       0       0       0       0       0       0
      Temps:          0       0       0       0       0       0       0       0       0       0       0       0       0       0       0       0       0
      Totals:         1       0       0       0       0       0       0       0       0       0       0       0       0       0       0       0       0
Total ram usage:        1 bytes
 Hardware stack levels used:    1
 Hardware stack levels required when called:    4
 This function calls:
		i2_delay_ms
		i2_lcd_gotoxy
		i2_lcd_send_byte
 This function is called by:
		i2_lcd_puts
 This function uses a non-reentrant model


 *************** function i2_lcd_gotoxy *****************
 Defined at:
		line 57 in file "lcd_x8.c"
 Parameters:    Size  Location     Type
  x               1    wreg     unsigned char 
  y               1   10[COMRAM] unsigned char 
 Auto vars:     Size  Location     Type
  x               1   11[COMRAM] unsigned char 
  lcd_gotoxy      1   12[COMRAM] unsigned char 
 Return value:  Size  Location     Type
                  1    wreg      void 
 Registers used:
		wreg, status,2, status,0, cstack
 Tracked objects:
		On entry : 
		On exit  : 
		Unchanged: 
 Data sizes:     COMRAM   BANK0   BANK1   BANK2   BANK3   BANK4   BANK5   BANK6   BANK7   BANK8   BANK9  BANK10  BANK11  BANK12  BANK13  BANK14  BANK15
      Params:         1       0       0       0       0       0       0       0       0       0       0       0       0       0       0       0       0
      Locals:         2       0       0       0       0       0       0       0       0       0       0       0       0       0       0       0       0
      Temps:          0       0       0       0       0       0       0       0       0       0       0       0       0       0       0       0       0
      Totals:         3       0       0       0       0       0       0       0       0       0       0       0       0       0       0       0       0
Total ram usage:        3 bytes
 Hardware stack levels used:    1
 Hardware stack levels required when called:    3
 This function calls:
		i2_lcd_send_byte
 This function is called by:
		_timer0_isr
		_EXT_Int0_isr
		i2_lcd_putc
 This function uses a non-reentrant model


 *************** function i2_lcd_send_byte *****************
 Defined at:
		line 26 in file "lcd_x8.c"
 Parameters:    Size  Location     Type
  cm_data         1    wreg     unsigned char 
  n               1    8[COMRAM] unsigned char 
 Auto vars:     Size  Location     Type
  cm_data         1    9[COMRAM] unsigned char 
 Return value:  Size  Location     Type
                  1    wreg      void 
 Registers used:
		wreg, status,2, status,0, cstack
 Tracked objects:
		On entry : 
		On exit  : 
		Unchanged: 
 Data sizes:     COMRAM   BANK0   BANK1   BANK2   BANK3   BANK4   BANK5   BANK6   BANK7   BANK8   BANK9  BANK10  BANK11  BANK12  BANK13  BANK14  BANK15
      Params:         1       0       0       0       0       0       0       0       0       0       0       0       0       0       0       0       0
      Locals:         1       0       0       0       0       0       0       0       0       0       0       0       0       0       0       0       0
      Temps:          0       0       0       0       0       0       0       0       0       0       0       0       0       0       0       0       0
      Totals:         2       0       0       0       0       0       0       0       0       0       0       0       0       0       0       0       0
Total ram usage:        2 bytes
 Hardware stack levels used:    1
 Hardware stack levels required when called:    2
 This function calls:
		i2_delay_cycles
		i2_delay_ms
		i2_lcd_send_nibble
 This function is called by:
		i2_lcd_gotoxy
		i2_lcd_putc
 This function uses a non-reentrant model


 *************** function i2_lcd_send_nibble *****************
 Defined at:
		line 18 in file "lcd_x8.c"
 Parameters:    Size  Location     Type
  n               1    wreg     unsigned char 
 Auto vars:     Size  Location     Type
  n               1    7[COMRAM] unsigned char 
 Return value:  Size  Location     Type
                  1    wreg      void 
 Registers used:
		wreg, status,2, status,0, cstack
 Tracked objects:
		On entry : 
		On exit  : 
		Unchanged: 
 Data sizes:     COMRAM   BANK0   BANK1   BANK2   BANK3   BANK4   BANK5   BANK6   BANK7   BANK8   BANK9  BANK10  BANK11  BANK12  BANK13  BANK14  BANK15
      Params:         0       0       0       0       0       0       0       0       0       0       0       0       0       0       0       0       0
      Locals:         1       0       0       0       0       0       0       0       0       0       0       0       0       0       0       0       0
      Temps:          1       0       0       0       0       0       0       0       0       0       0       0       0       0       0       0       0
      Totals:         2       0       0       0       0       0       0       0       0       0       0       0       0       0       0       0       0
Total ram usage:        2 bytes
 Hardware stack levels used:    1
 Hardware stack levels required when called:    1
 This function calls:
		i2_delay_cycles
 This function is called by:
		i2_lcd_send_byte
 This function uses a non-reentrant model


 *************** function i2_delay_cycles *****************
 Defined at:
		line 11 in file "lcd_x8.c"
 Parameters:    Size  Location     Type
  n               1    wreg     unsigned char 
 Auto vars:     Size  Location     Type
  n               1    3[COMRAM] unsigned char 
  delay_cycles    2    4[COMRAM] int 
 Return value:  Size  Location     Type
                  1    wreg      void 
 Registers used:
		wreg, status,2, status,0
 Tracked objects:
		On entry : 
		On exit  : 
		Unchanged: 
 Data sizes:     COMRAM   BANK0   BANK1   BANK2   BANK3   BANK4   BANK5   BANK6   BANK7   BANK8   BANK9  BANK10  BANK11  BANK12  BANK13  BANK14  BANK15
      Params:         0       0       0       0       0       0       0       0       0       0       0       0       0       0       0       0       0
      Locals:         3       0       0       0       0       0       0       0       0       0       0       0       0       0       0       0       0
      Temps:          3       0       0       0       0       0       0       0       0       0       0       0       0       0       0       0       0
      Totals:         6       0       0       0       0       0       0       0       0       0       0       0       0       0       0       0       0
Total ram usage:        6 bytes
 Hardware stack levels used:    1
 This function calls:
		Nothing
 This function is called by:
		i2_lcd_send_nibble
		i2_lcd_send_byte
 This function uses a non-reentrant model


 *************** function i2_delay_ms *****************
 Defined at:
		line 4 in file "lcd_x8.c"
 Parameters:    Size  Location     Type
  n               2    0[COMRAM] unsigned int 
 Auto vars:     Size  Location     Type
  delay_ms        2    2[COMRAM] int 
 Return value:  Size  Location     Type
                  1    wreg      void 
 Registers used:
		wreg, status,2, status,0
 Tracked objects:
		On entry : 
		On exit  : 
		Unchanged: 
 Data sizes:     COMRAM   BANK0   BANK1   BANK2   BANK3   BANK4   BANK5   BANK6   BANK7   BANK8   BANK9  BANK10  BANK11  BANK12  BANK13  BANK14  BANK15
      Params:         2       0       0       0       0       0       0       0       0       0       0       0       0       0       0       0       0
      Locals:         2       0       0       0       0       0       0       0       0       0       0       0       0       0       0       0       0
      Temps:          0       0       0       0       0       0       0       0       0       0       0       0       0       0       0       0       0
      Totals:         4       0       0       0       0       0       0       0       0       0       0       0       0       0       0       0       0
Total ram usage:        4 bytes
 Hardware stack levels used:    1
 This function calls:
		Nothing
 This function is called by:
		_timer0_isr
		i2_lcd_send_byte
		i2_lcd_putc
 This function uses a non-reentrant model



MODULE INFORMATION

Module		Function		Class		Link	Load	Size
C:\Program Files (x86)\Microchip\xc8\v1.37\sources\common\ftdiv.c
		___ftdiv       		CODE           	43CE	0000	231

C:\Program Files (x86)\Microchip\xc8\v1.37\sources\common\ftdiv.c estimated size: 231

C:\Program Files (x86)\Microchip\xc8\v1.37\sources\common\llmod.c
		___llmod       		CODE           	4846	0000	155

C:\Program Files (x86)\Microchip\xc8\v1.37\sources\common\llmod.c estimated size: 155

C:\Program Files (x86)\Microchip\xc8\v1.37\sources\common\ftge.c
		___ftge        		CODE           	44B4	0000	201

C:\Program Files (x86)\Microchip\xc8\v1.37\sources\common\ftge.c estimated size: 201

C:\Program Files (x86)\Microchip\xc8\v1.37\sources\common\doprnt.c
		_scale         		CODE           	2066	0000	1271
		_sprintf       		CODE           	001A	0000	3621
		_fround        		CODE           	2E08	0000	721

C:\Program Files (x86)\Microchip\xc8\v1.37\sources\common\doprnt.c estimated size: 5613

C:\Program Files (x86)\Microchip\xc8\v1.37\sources\common\fttol.c
		___fttol       		CODE           	3D3C	0000	325

C:\Program Files (x86)\Microchip\xc8\v1.37\sources\common\fttol.c estimated size: 325

C:\Program Files (x86)\Microchip\xc8\v1.37\sources\common\Umul16.c
		___wmul        		CODE           	535A	0000	55

C:\Program Files (x86)\Microchip\xc8\v1.37\sources\common\Umul16.c estimated size: 55

C:\Program Files (x86)\Microchip\xc8\v1.37\sources\common\lwdiv.c
		___lwdiv       		CODE           	4D2A	0000	121

C:\Program Files (x86)\Microchip\xc8\v1.37\sources\common\lwdiv.c estimated size: 121

my_adc.c
		_init_adc_no_lib		CODE           	5626	0000	17
		_read_adc_raw_no_lib		CODE           	52E8	0000	59
		_read_adc_temp 		CODE           	4A90	0000	143
		_read_adc_temp2		CODE           	4A02	0000	143

my_adc.c estimated size: 362

C:\Program Files (x86)\Microchip\xc8\v1.37\sources\common\awdiv.c
		___awdiv       		CODE           	457C	0000	191

C:\Program Files (x86)\Microchip\xc8\v1.37\sources\common\awdiv.c estimated size: 191

C:\Program Files (x86)\Microchip\xc8\v1.37\sources\common\isdigit.c
		_isdigit       		CODE           	54AA	0000	43

C:\Program Files (x86)\Microchip\xc8\v1.37\sources\common\isdigit.c estimated size: 43

C:\Program Files (x86)\Microchip\xc8\v1.37\sources\common\ftadd.c
		___ftadd       		CODE           	3342	0000	617

C:\Program Files (x86)\Microchip\xc8\v1.37\sources\common\ftadd.c estimated size: 617

C:\Program Files (x86)\Microchip\xc8\v1.37\sources\common\lldiv.c
		___lldiv       		CODE           	463A	0000	189

C:\Program Files (x86)\Microchip\xc8\v1.37\sources\common\lldiv.c estimated size: 189

C:\Program Files (x86)\Microchip\xc8\v1.37\sources\common\ftdivl.c
		__tdiv_to_l_   		CODE           	3756	0000	415

C:\Program Files (x86)\Microchip\xc8\v1.37\sources\common\ftdivl.c estimated size: 415

AS1AY.c
		_setupInterrupts		CODE           	5268	0000	65
		_main          		CODE           	19D0	0000	1687
		_highIsr       		CODE           	0008	0000	161
		_timer0_isr    		CODE           	255C	0000	1141
		_reloadTimer0  		CODE           	5636	0000	11
		_setupPorts    		CODE           	5614	0000	19
		_EXT_Int0_isr  		CODE           	3A7C	0000	355
		_EXT_Int1_isr  		CODE           	547E	0000	45
		_EXT_Int2_isr  		CODE           	55D6	0000	33

AS1AY.c estimated size: 3517

C:\Program Files (x86)\Microchip\xc8\v1.37\sources\common\fldivl.c
		__div_to_l_    		CODE           	38F4	0000	393

C:\Program Files (x86)\Microchip\xc8\v1.37\sources\common\fldivl.c estimated size: 393

C:\Program Files (x86)\Microchip\xc8\v1.37\sources\common\ftneg.c
		___ftneg       		CODE           	53C2	0000	49

C:\Program Files (x86)\Microchip\xc8\v1.37\sources\common\ftneg.c estimated size: 49

shared
		i2_lcd_send_nibble		CODE           	55B4	0000	35
		i2___ftneg     		CODE           	5548	0000	37
		i2___ftadd     		CODE           	35AA	0000	429
		i2_delay_cycles		CODE           	5450	0000	47
		__powers_      		MEDIUMCONST    	FF50	0000	40
		i2___fttol     		CODE           	42DA	0000	245
		_dpowers       		MEDIUMCONST    	FF01	0000	41
		i2___ftge      		CODE           	4972	0000	145
		i2___lwdiv     		CODE           	50AC	0000	83
		i2_isdigit     		CODE           	55F6	0000	31
		i2_strcpy      		CODE           	5422	0000	47
		i2___awdiv     		CODE           	4BA8	0000	133
		i2__tdiv_to_l_ 		CODE           	3E80	0000	307
		i2___ftmul     		CODE           	41E6	0000	245
		i2___wmul      		CODE           	5522	0000	39
		i2_lcd_send_byte		CODE           	519A	0000	73
		i2__div_to_l_  		CODE           	3FB2	0000	297
		__npowers_     		MEDIUMCONST    	FF29	0000	40
		i2___ftpack    		CODE           	46F6	0000	175
		i2_scale       		CODE           	29D0	0000	1081
		i2___lldiv     		CODE           	4C2C	0000	131
		__initialization		CODE           	4B1E	0000	129
		i2___lltoft    		CODE           	4F50	0000	93
		i2___ftsub     		CODE           	52A8	0000	65
		i2___awmod     		CODE           	4E18	0000	113
		i2_lcd_gotoxy  		CODE           	5226	0000	67
		i2___llmod     		CODE           	4E88	0000	103
		i2_sprintf     		CODE           	0E3E	0000	2963
		i2_lcd_putc    		CODE           	5002	0000	87
		i2_lcd_puts    		CODE           	556C	0000	37
		i2_delay_ms    		CODE           	5590	0000	37
		i2_fround      		CODE           	30D8	0000	619
		i2_reloadTimer0		CODE           	5640	0000	11

shared estimated size: 8025

C:\Program Files (x86)\Microchip\xc8\v1.37\sources\common\ftsub.c
		___ftsub       		CODE           	514E	0000	77

C:\Program Files (x86)\Microchip\xc8\v1.37\sources\common\ftsub.c estimated size: 77

C:\Program Files (x86)\Microchip\xc8\v1.37\sources\common\awtoft.c
		___awtoft      		CODE           	5322	0000	57

C:\Program Files (x86)\Microchip\xc8\v1.37\sources\common\awtoft.c estimated size: 57

lcd_x8.c
		_lcd_putc      		CODE           	4EEE	0000	99
		_lcd_puts      		CODE           	54FC	0000	39
		_lcd_send_byte 		CODE           	4FAC	0000	87
		_lcd_gotoxy    		CODE           	50FE	0000	81
		_lcd_send_nibble		CODE           	54D4	0000	41
		_delay_ms      		CODE           	53F2	0000	49
		_lcd_init      		CODE           	4DA2	0000	119
		_delay_cycles  		CODE           	51E2	0000	69

lcd_x8.c estimated size: 584

C:\Program Files (x86)\Microchip\xc8\v1.37\sources\common\float.c
		___ftpack      		CODE           	40DA	0000	269

C:\Program Files (x86)\Microchip\xc8\v1.37\sources\common\float.c estimated size: 269

C:\Program Files (x86)\Microchip\xc8\v1.37\sources\common\lltoft.c
		___lltoft      		CODE           	4CAE	0000	125

C:\Program Files (x86)\Microchip\xc8\v1.37\sources\common\lltoft.c estimated size: 125

C:\Program Files (x86)\Microchip\xc8\v1.37\sources\common\ftmul.c
		___ftmul       		CODE           	3BDE	0000	351

C:\Program Files (x86)\Microchip\xc8\v1.37\sources\common\ftmul.c estimated size: 351

C:\Program Files (x86)\Microchip\xc8\v1.37\sources\common\awmod.c
		___awmod       		CODE           	47A4	0000	163

C:\Program Files (x86)\Microchip\xc8\v1.37\sources\common\awmod.c estimated size: 163

C:\Program Files (x86)\Microchip\xc8\v1.37\sources\common\strcpy.c
		_strcpy        		CODE           	5390	0000	51

C:\Program Files (x86)\Microchip\xc8\v1.37\sources\common\strcpy.c estimated size: 51

