Microchip MPLAB XC8 Compiler V1.37 ()

Linker command line:

-W-3 --edf=C:\Program Files (x86)\Microchip\xc8\v1.37\dat\en_msgs.txt -cs \
  -h+dist/default/production\Assignment2.X.production.sym \
  --cmf=dist/default/production\Assignment2.X.production.cmf -z -Q18F4620 \
  -oC:\Users\AHMAD-~1\AppData\Local\Temp\seds.2 \
  -Mdist/default/production/Assignment2.X.production.map -E1 -ver=XC8 \
  -ASTACK=01E6h-0f7fh -pstack=STACK -ACODE=00h-0FFFFh -ACONST=00h-0FFFFh \
  -ASMALLCONST=01000h-010FFhx240 -AMEDIUMCONST=01000h-0FFFFh \
  -ACOMRAM=01h-07Fh -AABS1=00h-0F7Fh -ABIGRAM=01h-0F7Fh \
  -ARAM=080h-0FFh,0100h-01FFhx14,0F00h-0F7Fh -ABANK0=080h-0FFh \
  -ABANK1=0100h-01FFh -ABANK2=0200h-02FFh -ABANK3=0300h-03FFh \
  -ABANK4=0400h-04FFh -ABANK5=0500h-05FFh -ABANK6=0600h-06FFh \
  -ABANK7=0700h-07FFh -ABANK8=0800h-08FFh -ABANK9=0900h-09FFh \
  -ABANK10=0A00h-0AFFh -ABANK11=0B00h-0BFFh -ABANK12=0C00h-0CFFh \
  -ABANK13=0D00h-0DFFh -ABANK14=0E00h-0EFFh -ABANK15=0F00h-0F7Fh \
  -ASFR=0F80h-0FFFh \
  -preset_vec=00h,intcode=08h,intcodelo,powerup,init,end_init \
  -pramtop=01000h -psmallconst=SMALLCONST -pmediumconst=MEDIUMCONST \
  -pconst=CONST -AFARRAM=00h-00h -ACONFIG=0300000h-030000Dh -pconfig=CONFIG \
  -AIDLOC=0200000h-0200007h -pidloc=IDLOC -AEEDATA=0F00000h-0F003FFh \
  -peeprom_data=EEDATA \
  -prdata=COMRAM,nvrram=COMRAM,nvbit=COMRAM,rbss=COMRAM,rbit=COMRAM \
  -pfarbss=FARRAM,fardata=FARRAM,nvFARRAM=FARRAM \
  -pintsave_regs=BIGRAM,bigbss=BIGRAM,bigdata=BIGRAM -pbss=RAM \
  -pidata=CODE,irdata=CODE,ibigdata=CODE,ifardata=CODE -prparam=COMRAM \
  C:\Users\AHMAD-~1\AppData\Local\Temp\seds.obj \
  dist/default/production\Assignment2.X.production.obj 

Object code version is 3.11

Machine type is 18F4620

Call graph: (short form)




                Name                               Link     Load   Length Selector   Space Scale
C:\Users\AHMAD-~1\AppData\Local\Temp\seds.obj
                end_init                             16       16        4        4       0
                reset_vec                             0        0        4        0       0
                idloc                            200000   200000        8   200000       0
                config                           300000   300000        E   300000       0
dist/default/production\Assignment2.X.production.obj
                intcode                               8        8        E        4       0
                temp                                 72       72        1        1       1
                mediumconst                        FE5E     FE5E      1A2     7F2F       0
                text60                             42CA     42CA        A     2142       0
                text59                             3632     3632       AE        4       0
                text58                             2540     2540      1AC        4       0
                text57                             325A     325A       E6        4       0
                text56                             3166     3166       F4        4       0
                text55                             3072     3072       F4        4       0
                text54                             4118     4118       2E     205C       0
                text53                             38C2     38C2       98        4       0
                text52                             3F46     3F46       46        4       0
                text51                             2A12     2A12      166        4       0
                text50                             39E0     39E0       84        4       0
                text49                             395A     395A       86        4       0
                text48                             4298     4298       14     2142       0
                text47                             4232     4232       22     205C       0
                text46                             3C42     3C42       6C        4       0
                intcode_body                       36E0     36E0       A6        4       0
                text44                             2F66     2F66      10C        4       0
                text43                             4170     4170       2A     205C       0
                text42                             42BE     42BE        C     2142       0
                text41                             4284     4284       14     2142       0
                text40                             40E8     40E8       30     205C       0
                text39                             3FD0     3FD0       44        4       0
                text38                             419A     419A       28     205C       0
                text37                             3DBE     3DBE       56        4       0
                text36                             3B5A     3B5A       76        4       0
                text35                             3E14     3E14       50        4       0
                text34                             3CAE     3CAE       62        4       0
                text33                             41E8     41E8       26     205C       0
                text32                             42AC     42AC       12     2142       0
                text31                             3D10     3D10       58        4       0
                text30                             3340     3340       C8        4       0
                text29                             40B8     40B8       30     205C       0
                text28                             22D8     22D8      268        4       0
                text27                             3EB0     3EB0       4C        4       0
                text26                             2E22     2E22      144        4       0
                text25                             34C6     34C6       BC        4       0
                text24                             3828     3828       9A        4       0
                text23                             3A64     3A64       7C        4       0
                text22                             288A     288A      188        4       0
                text21                             26EC     26EC      19E        4       0
                text20                             3408     3408       BE        4       0
                text19                             3786     3786       A2        4       0
                text18                             2B78     2B78      15E        4       0
                text17                             404E     404E       36        4       0
                text16                             202C     202C      2AC        4       0
                text15                             4146     4146       2A     205C       0
                text14                             16F2     16F2      4AE        4       0
                text13                               1A       1A      D6C        4       0
                text12                             3EFC     3EFC       4A        4       0
                text11                             1BA0     1BA0      48C        4       0
                text10                             3F8C     3F8C       44        4       0
                text9                              2CD6     2CD6      14C        4       0
                text8                              3E64     3E64       4C        4       0
                text7                              3BD0     3BD0       72        4       0
                text6                              4014     4014       3A        4       0
                text5                              3582     3582       B0        4       0
                text4                              41C2     41C2       26     205C       0
                text3                              4254     4254       1A     205C       0
                text2                              420E     420E       24     205C       0
                text1                              3D68     3D68       56        4       0
                text0                               D86      D86      96C        4       0
                cstackCOMRAM                          1        1       3E        1       1
                cstackBANK0                          80       80       78       80       1
                cstackBANK1                         171      171       60      100       1
                dataBANK1                           1D1      1D1       15      100       1
                bssBANK1                            100      100       71      100       1
                dataBANK0                            F8       F8        4       80       1
                dataCOMRAM                           3F       3F       33        1       1
                cinit                              3AE0     3AE0       7A        4       0
                idataBANK1                         426E     426E       15     205C       0
                idataBANK0                         42D4     42D4        4     2142       0
                idataCOMRAM                        4084     4084       33        4       0

TOTAL           Name                               Link     Load   Length     Space
        CLASS   STACK          

        CLASS   CODE           
                end_init                             16       16        4         0
                intcode                               8        8        E         0
                reset_vec                             0        0        4         0
                text60                             42CA     42CA        A         0
                text59                             3632     3632       AE         0
                text58                             2540     2540      1AC         0
                text57                             325A     325A       E6         0
                text56                             3166     3166       F4         0
                text55                             3072     3072       F4         0
                text54                             4118     4118       2E         0
                text53                             38C2     38C2       98         0
                text52                             3F46     3F46       46         0
                text51                             2A12     2A12      166         0
                text50                             39E0     39E0       84         0
                text49                             395A     395A       86         0
                text48                             4298     4298       14         0
                text47                             4232     4232       22         0
                text46                             3C42     3C42       6C         0
                intcode_body                       36E0     36E0       A6         0
                text44                             2F66     2F66      10C         0
                text43                             4170     4170       2A         0
                text42                             42BE     42BE        C         0
                text41                             4284     4284       14         0
                text40                             40E8     40E8       30         0
                text39                             3FD0     3FD0       44         0
                text38                             419A     419A       28         0
                text37                             3DBE     3DBE       56         0
                text36                             3B5A     3B5A       76         0
                text35                             3E14     3E14       50         0
                text34                             3CAE     3CAE       62         0
                text33                             41E8     41E8       26         0
                text32                             42AC     42AC       12         0
                text31                             3D10     3D10       58         0
                text30                             3340     3340       C8         0
                text29                             40B8     40B8       30         0
                text28                             22D8     22D8      268         0
                text27                             3EB0     3EB0       4C         0
                text26                             2E22     2E22      144         0
                text25                             34C6     34C6       BC         0
                text24                             3828     3828       9A         0
                text23                             3A64     3A64       7C         0
                text22                             288A     288A      188         0
                text21                             26EC     26EC      19E         0
                text20                             3408     3408       BE         0
                text19                             3786     3786       A2         0
                text18                             2B78     2B78      15E         0
                text17                             404E     404E       36         0
                text16                             202C     202C      2AC         0
                text15                             4146     4146       2A         0
                text14                             16F2     16F2      4AE         0
                text13                               1A       1A      D6C         0
                text12                             3EFC     3EFC       4A         0
                text11                             1BA0     1BA0      48C         0
                text10                             3F8C     3F8C       44         0
                text9                              2CD6     2CD6      14C         0
                text8                              3E64     3E64       4C         0
                text7                              3BD0     3BD0       72         0
                text6                              4014     4014       3A         0
                text5                              3582     3582       B0         0
                text4                              41C2     41C2       26         0
                text3                              4254     4254       1A         0
                text2                              420E     420E       24         0
                text1                              3D68     3D68       56         0
                text0                               D86      D86      96C         0
                cinit                              3AE0     3AE0       7A         0
                idataBANK1                         426E     426E       15         0
                idataBANK0                         42D4     42D4        4         0
                idataCOMRAM                        4084     4084       33         0

        CLASS   CONST          

        CLASS   SMALLCONST     

        CLASS   MEDIUMCONST    
                mediumconst                        FE5E     FE5E      1A2         0

        CLASS   COMRAM         
                temp                                 72       72        1         1
                cstackCOMRAM                          1        1       3E         1
                dataCOMRAM                           3F       3F       33         1

        CLASS   ABS1           

        CLASS   BIGRAM         

        CLASS   RAM            

        CLASS   BANK0          
                cstackBANK0                          80       80       78         1
                dataBANK0                            F8       F8        4         1

        CLASS   BANK1          
                cstackBANK1                         171      171       60         1
                dataBANK1                           1D1      1D1       15         1
                bssBANK1                            100      100       71         1

        CLASS   BANK2          

        CLASS   BANK3          

        CLASS   BANK4          

        CLASS   BANK5          

        CLASS   BANK6          

        CLASS   BANK7          

        CLASS   BANK8          

        CLASS   BANK9          

        CLASS   BANK10         

        CLASS   BANK11         

        CLASS   BANK12         

        CLASS   BANK13         

        CLASS   BANK14         

        CLASS   BANK15         

        CLASS   SFR            

        CLASS   FARRAM         

        CLASS   CONFIG         
                config                           300000   300000        E         0

        CLASS   IDLOC          
                idloc                            200000   200000        8         0

        CLASS   EEDATA         



SEGMENTS        Name                           Load    Length   Top    Selector   Space  Class

                reset_vec                      000000  000004  000004         0       0  CODE    
                cstackCOMRAM                   000001  000072  000073         1       1  COMRAM  
                intcode                        000008  0040AF  0040B7         4       0  CODE    
                cstackBANK0                    000080  00007C  0000FC        80       1  BANK0   
                bssBANK1                       000100  0000E6  0001E6       100       1  BANK1   
                text29                         0040B8  0001CB  004283      205C       0  CODE    
                text41                         004284  000054  0042D8      2142       0  CODE    
                mediumconst                    00FE5E  0001A2  010000      7F2F       0  MEDIUMCO
                idloc                          200000  000008  200008    200000       0  IDLOC   
                config                         300000  00000E  30000E    300000       0  CONFIG  


UNUSED ADDRESS RANGES

        Name                Unused          Largest block    Delta
        BANK0            0000FC-0000FF                4
        BANK1            0001E6-0001FF               1A
        BANK10           000A00-000AFF              100
        BANK11           000B00-000BFF              100
        BANK12           000C00-000CFF              100
        BANK13           000D00-000DFF              100
        BANK14           000E00-000EFF              100
        BANK15           000F00-000F7F               80
        BANK2            000200-0002FF              100
        BANK3            000300-0003FF              100
        BANK4            000400-0004FF              100
        BANK5            000500-0005FF              100
        BANK6            000600-0006FF              100
        BANK7            000700-0007FF              100
        BANK8            000800-0008FF              100
        BANK9            000900-0009FF              100
        BIGRAM           000073-00007F                D
                         0000FC-0000FF                4
                         0001E6-000F7F              D9A
        CODE             000004-000007                4
                         0040B7-0040B7                1
                         004283-004283                1
                         0042D8-00FE5D             BB86
        COMRAM           000073-00007F                D
        CONST            000004-000007                4
                         0040B7-0040B7                1
                         004283-004283                1
                         0042D8-00FE5D             BB86
        EEDATA           F00000-F003FF              400
        MEDIUMCONST      0040B7-0040B7                1
                         004283-004283                1
                         0042D8-00FE5D             BB86
        RAM              0000FC-0000FF                4
                         0001E6-000F7F              100
        SFR              000F80-000FFF               80
        SMALLCONST       0040B7-0040B7                1
                         004283-004283                1
                         0042D8-00FE5D              100
        STACK            0001E6-000F7F              D9A

                                  Symbol Table

?___awdiv                     cstackBANK0  000086
?___awmod                     cstackBANK0  000080
?___awtoft                    cstackBANK0  000094
?___ftadd                     cstackBANK0  0000AD
?___ftdiv                     cstackBANK0  0000A3
?___ftmul                     cstackBANK0  000094
?___ftneg                     cstackBANK0  000098
?___ftpack                    cstackBANK0  000080
?___ftsub                     cstackBANK0  0000B9
?___fttol                     cstackBANK0  0000B9
?___lldiv                     cstackBANK0  000080
?___llmod                     cstackBANK0  00008D
?___lltoft                    cstackBANK0  000088
?___lwtoft                    cstackBANK0  000088
?___wmul                      cstackBANK0  00008E
?__div_to_l_                  cstackBANK0  000080
?__tdiv_to_l_                 cstackBANK0  000080
?_fround                      cstackBANK0  0000A3
?_read_adc_raw_no_lib         cstackBANK0  000080
?_read_adc_voltage            cstackBANK0  0000B2
?_scale                       cstackBANK0  0000A3
?_sprintf                     cstackBANK0  0000C8
?i2___ftadd                   cstackCOMRAM 000009
?i2___ftdiv                   cstackCOMRAM 000018
?i2___ftmul                   cstackCOMRAM 000009
?i2___ftpack                  cstackCOMRAM 000001
?i2___fttol                   cstackCOMRAM 000015
_ADCON0                       (abs)        000FC2
_ADCON0bits                   (abs)        000FC2
_ADCON1                       (abs)        000FC1
_ADCON2                       (abs)        000FC0
_ADRESH                       (abs)        000FC4
_ADRESL                       (abs)        000FC3
_BAUDCONbits                  (abs)        000FB8
_Buffer1                      bssBANK1     00011C
_Buffer2                      bssBANK1     00012D
_Buffer3                      bssBANK1     00013E
_Buffer4                      bssBANK1     00014F
_C                            bssBANK1     00010C
_CCP1CON                      (abs)        000FBD
_CCP1CONbits                  (abs)        000FBD
_CCPR1L                       (abs)        000FBE
_Cstate                       dataBANK1    0001D1
_EXT_Int0_isr                 text51       002A12
_EXT_Int1_isr                 text50       0039E0
_EXT_Int2_isr                 text49       00395A
_FanSpeed                     bssBANK1     000100
_GlobalConter                 bssBANK1     00010E
_H                            bssBANK1     000110
_HCP                          bssBANK1     000112
_HCstate                      dataBANK1    0001D2
_HS                           bssBANK1     000114
_Hstate                       dataBANK1    0001D3
_INTCON                       (abs)        000FF2
_INTCON2                      (abs)        000FF1
_INTCON2bits                  (abs)        000FF1
_INTCON3                      (abs)        000FF0
_INTCON3bits                  (abs)        000FF0
_INTCONbits                   (abs)        000FF2
_LCD_INIT_STRING              dataBANK0    0000F8
_MD                           bssBANK1     000116
_MD0S                         dataBANK1    0001D5
_MD1S                         dataCOMRAM   00003F
_MD2S                         dataCOMRAM   000050
_MD3S                         dataCOMRAM   000061
_MDS                          bssBANK1     000160
_OT                           bssBANK1     000103
_PIE1                         (abs)        000F9D
_PIE1bits                     (abs)        000F9D
_PIE2                         (abs)        000FA0
_PIE2bits                     (abs)        000FA0
_PIR1bits                     (abs)        000F9E
_PIR2bits                     (abs)        000FA1
_PORTBbits                    (abs)        000F81
_PORTCbits                    (abs)        000F82
_PORTEbits                    (abs)        000F84
_PR2                          (abs)        000FCB
_RCONbits                     (abs)        000FD0
_RCREG                        (abs)        000FAE
_RCSTA                        (abs)        000FAB
_RCSTAbits                    (abs)        000FAB
_RC_isr                       text48       004298
_RPS_C                        bssBANK1     000118
_RT                           bssBANK1     000106
_Received                     dataBANK1    0001D4
_SP                           bssBANK1     000109
_SPBRG                        (abs)        000FAF
_SPBRGH                       (abs)        000FB0
_T0CON                        (abs)        000FD5
_T0CONbits                    (abs)        000FD5
_T1CONbits                    (abs)        000FCD
_T2CON                        (abs)        000FCA
_T2CONbits                    (abs)        000FCA
_T3CON                        (abs)        000FB1
_T3CONbits                    (abs)        000FB1
_TMR0H                        (abs)        000FD7
_TMR0L                        (abs)        000FD6
_TMR0_isr                     text47       004232
_TMR1H                        (abs)        000FCF
_TMR1L                        (abs)        000FCE
_TMR3H                        (abs)        000FB3
_TMR3L                        (abs)        000FB2
_TMR3_isr                     text46       003C42
_TMR3_reset                   text60       0042CA
_TRISA                        (abs)        000F92
_TRISB                        (abs)        000F93
_TRISC                        (abs)        000F94
_TRISCbits                    (abs)        000F94
_TRISD                        (abs)        000F95
_TRISE                        (abs)        000F96
_TXREG                        (abs)        000FAD
_TXSTA                        (abs)        000FAC
_TXSTAbits                    (abs)        000FAC
_TonCounter                   bssBANK1     00011A
__CFG_BOREN$SBORDIS           (abs)        000000
__CFG_BORV$3                  (abs)        000000
__CFG_CCP2MX$PORTC            (abs)        000000
__CFG_CP0$OFF                 (abs)        000000
__CFG_CP1$OFF                 (abs)        000000
__CFG_CP2$OFF                 (abs)        000000
__CFG_CP3$OFF                 (abs)        000000
__CFG_CPB$OFF                 (abs)        000000
__CFG_CPD$OFF                 (abs)        000000
__CFG_EBTR0$OFF               (abs)        000000
__CFG_EBTR1$OFF               (abs)        000000
__CFG_EBTR2$OFF               (abs)        000000
__CFG_EBTR3$OFF               (abs)        000000
__CFG_EBTRB$OFF               (abs)        000000
__CFG_FCMEN$OFF               (abs)        000000
__CFG_IESO$OFF                (abs)        000000
__CFG_LPT1OSC$OFF             (abs)        000000
__CFG_LVP$ON                  (abs)        000000
__CFG_MCLRE$ON                (abs)        000000
__CFG_OSC$XT                  (abs)        000000
__CFG_PBADEN$ON               (abs)        000000
__CFG_PWRT$OFF                (abs)        000000
__CFG_STVREN$ON               (abs)        000000
__CFG_WDT$ON                  (abs)        000000
__CFG_WDTPS$32768             (abs)        000000
__CFG_WRT0$OFF                (abs)        000000
__CFG_WRT1$OFF                (abs)        000000
__CFG_WRT2$OFF                (abs)        000000
__CFG_WRT3$OFF                (abs)        000000
__CFG_WRTB$OFF                (abs)        000000
__CFG_WRTC$OFF                (abs)        000000
__CFG_WRTD$OFF                (abs)        000000
__CFG_XINST$OFF               (abs)        000000
__HRAM                        (abs)        000000
__Habs1                       abs1         000000
__Hbank0                      bank0        000000
__Hbank1                      bank1        000000
__Hbank10                     bank10       000000
__Hbank11                     bank11       000000
__Hbank12                     bank12       000000
__Hbank13                     bank13       000000
__Hbank14                     bank14       000000
__Hbank15                     bank15       000000
__Hbank2                      bank2        000000
__Hbank3                      bank3        000000
__Hbank4                      bank4        000000
__Hbank5                      bank5        000000
__Hbank6                      bank6        000000
__Hbank7                      bank7        000000
__Hbank8                      bank8        000000
__Hbank9                      bank9        000000
__Hbigbss                     bigbss       000000
__Hbigdata                    bigdata      000000
__Hbigram                     bigram       000000
__Hbss                        bss          000000
__HbssBANK1                   bssBANK1     000000
__Hcinit                      cinit        000000
__Hclrtext                    clrtext      000000
__Hcomram                     comram       000000
__Hconfig                     config       30000E
__Hconst                      const        000000
__HcstackBANK0                cstackBANK0  000000
__HcstackBANK1                cstackBANK1  000000
__HcstackCOMRAM               cstackCOMRAM 000000
__Hdata                       data         000000
__HdataBANK0                  dataBANK0    000000
__HdataBANK1                  dataBANK1    000000
__HdataCOMRAM                 dataCOMRAM   000000
__Heeprom_data                eeprom_data  000000
__Hend_init                   end_init     00001A
__Hfarbss                     farbss       000000
__Hfardata                    fardata      000000
__Hibigdata                   ibigdata     000000
__Hidata                      idata        000000
__HidataBANK0                 idataBANK0   000000
__HidataBANK1                 idataBANK1   000000
__HidataCOMRAM                idataCOMRAM  000000
__Hidloc                      idloc        200008
__Hifardata                   ifardata     000000
__Hinit                       init         000016
__Hintcode                    intcode      000016
__Hintcode_body               intcode_body 000000
__Hintcodelo                  intcodelo    000016
__Hintentry                   intentry     000000
__Hintret                     intret       000000
__Hintsave_regs               intsave_regs 000000
__Hirdata                     irdata       000000
__Hmediumconst                mediumconst  010000
__HnvFARRAM                   nvFARRAM     000000
__Hnvbit                      nvbit        000000
__Hnvrram                     nvrram       000000
__Hparam                      rparam       000000
__Hpowerup                    powerup      000016
__Hram                        ram          000000
__Hramtop                     ramtop       001000
__Hrbit                       rbit         000000
__Hrbss                       rbss         000000
__Hrdata                      rdata        000000
__Hreset_vec                  reset_vec    000004
__Hrparam                     rparam       000000
__Hsfr                        sfr          000000
__Hsmallconst                 smallconst   000000
__Hspace_0                    (abs)        30000E
__Hspace_1                    (abs)        0001E6
__Hspace_2                    (abs)        000000
__Hstack                      stack        000000
__Hstruct                     struct       000000
__Htemp                       temp         000073
__Htext                       text         000000
__Htext0                      text0        000000
__Htext1                      text1        000000
__Htext10                     text10       000000
__Htext11                     text11       000000
__Htext12                     text12       000000
__Htext13                     text13       000000
__Htext14                     text14       000000
__Htext15                     text15       000000
__Htext16                     text16       000000
__Htext17                     text17       000000
__Htext18                     text18       000000
__Htext19                     text19       000000
__Htext2                      text2        000000
__Htext20                     text20       000000
__Htext21                     text21       000000
__Htext22                     text22       000000
__Htext23                     text23       000000
__Htext24                     text24       000000
__Htext25                     text25       000000
__Htext26                     text26       000000
__Htext27                     text27       000000
__Htext28                     text28       000000
__Htext29                     text29       000000
__Htext3                      text3        000000
__Htext30                     text30       000000
__Htext31                     text31       000000
__Htext32                     text32       000000
__Htext33                     text33       000000
__Htext34                     text34       000000
__Htext35                     text35       000000
__Htext36                     text36       000000
__Htext37                     text37       000000
__Htext38                     text38       000000
__Htext39                     text39       000000
__Htext4                      text4        000000
__Htext40                     text40       000000
__Htext41                     text41       000000
__Htext42                     text42       000000
__Htext43                     text43       000000
__Htext44                     text44       000000
__Htext46                     text46       000000
__Htext47                     text47       000000
__Htext48                     text48       000000
__Htext49                     text49       000000
__Htext5                      text5        000000
__Htext50                     text50       000000
__Htext51                     text51       000000
__Htext52                     text52       000000
__Htext53                     text53       000000
__Htext54                     text54       000000
__Htext55                     text55       000000
__Htext56                     text56       000000
__Htext57                     text57       000000
__Htext58                     text58       000000
__Htext59                     text59       000000
__Htext6                      text6        000000
__Htext60                     text60       000000
__Htext7                      text7        000000
__Htext8                      text8        000000
__Htext9                      text9        000000
__LRAM                        (abs)        000001
__Labs1                       abs1         000000
__Lbank0                      bank0        000000
__Lbank1                      bank1        000000
__Lbank10                     bank10       000000
__Lbank11                     bank11       000000
__Lbank12                     bank12       000000
__Lbank13                     bank13       000000
__Lbank14                     bank14       000000
__Lbank15                     bank15       000000
__Lbank2                      bank2        000000
__Lbank3                      bank3        000000
__Lbank4                      bank4        000000
__Lbank5                      bank5        000000
__Lbank6                      bank6        000000
__Lbank7                      bank7        000000
__Lbank8                      bank8        000000
__Lbank9                      bank9        000000
__Lbigbss                     bigbss       000000
__Lbigdata                    bigdata      000000
__Lbigram                     bigram       000000
__Lbss                        bss          000000
__LbssBANK1                   bssBANK1     000000
__Lcinit                      cinit        000000
__Lclrtext                    clrtext      000000
__Lcomram                     comram       000000
__Lconfig                     config       300000
__Lconst                      const        000000
__LcstackBANK0                cstackBANK0  000000
__LcstackBANK1                cstackBANK1  000000
__LcstackCOMRAM               cstackCOMRAM 000000
__Ldata                       data         000000
__LdataBANK0                  dataBANK0    000000
__LdataBANK1                  dataBANK1    000000
__LdataCOMRAM                 dataCOMRAM   000000
__Leeprom_data                eeprom_data  000000
__Lend_init                   end_init     000016
__Lfarbss                     farbss       000000
__Lfardata                    fardata      000000
__Libigdata                   ibigdata     000000
__Lidata                      idata        000000
__LidataBANK0                 idataBANK0   000000
__LidataBANK1                 idataBANK1   000000
__LidataCOMRAM                idataCOMRAM  000000
__Lidloc                      idloc        200000
__Lifardata                   ifardata     000000
__Linit                       init         000016
__Lintcode                    intcode      000008
__Lintcode_body               intcode_body 000000
__Lintcodelo                  intcodelo    000016
__Lintentry                   intentry     000000
__Lintret                     intret       000000
__Lintsave_regs               intsave_regs 000000
__Lirdata                     irdata       000000
__Lmediumconst                mediumconst  00FE5E
__LnvFARRAM                   nvFARRAM     000000
__Lnvbit                      nvbit        000000
__Lnvrram                     nvrram       000000
__Lparam                      rparam       000000
__Lpowerup                    powerup      000016
__Lram                        ram          000000
__Lramtop                     ramtop       001000
__Lrbit                       rbit         000000
__Lrbss                       rbss         000000
__Lrdata                      rdata        000000
__Lreset_vec                  reset_vec    000000
__Lrparam                     rparam       000000
__Lsfr                        sfr          000000
__Lsmallconst                 smallconst   000000
__Lspace_0                    (abs)        000000
__Lspace_1                    (abs)        000000
__Lspace_2                    (abs)        000000
__Lstack                      stack        000000
__Lstruct                     struct       000000
__Ltemp                       temp         000072
__Ltext                       text         000000
__Ltext0                      text0        000000
__Ltext1                      text1        000000
__Ltext10                     text10       000000
__Ltext11                     text11       000000
__Ltext12                     text12       000000
__Ltext13                     text13       000000
__Ltext14                     text14       000000
__Ltext15                     text15       000000
__Ltext16                     text16       000000
__Ltext17                     text17       000000
__Ltext18                     text18       000000
__Ltext19                     text19       000000
__Ltext2                      text2        000000
__Ltext20                     text20       000000
__Ltext21                     text21       000000
__Ltext22                     text22       000000
__Ltext23                     text23       000000
__Ltext24                     text24       000000
__Ltext25                     text25       000000
__Ltext26                     text26       000000
__Ltext27                     text27       000000
__Ltext28                     text28       000000
__Ltext29                     text29       000000
__Ltext3                      text3        000000
__Ltext30                     text30       000000
__Ltext31                     text31       000000
__Ltext32                     text32       000000
__Ltext33                     text33       000000
__Ltext34                     text34       000000
__Ltext35                     text35       000000
__Ltext36                     text36       000000
__Ltext37                     text37       000000
__Ltext38                     text38       000000
__Ltext39                     text39       000000
__Ltext4                      text4        000000
__Ltext40                     text40       000000
__Ltext41                     text41       000000
__Ltext42                     text42       000000
__Ltext43                     text43       000000
__Ltext44                     text44       000000
__Ltext46                     text46       000000
__Ltext47                     text47       000000
__Ltext48                     text48       000000
__Ltext49                     text49       000000
__Ltext5                      text5        000000
__Ltext50                     text50       000000
__Ltext51                     text51       000000
__Ltext52                     text52       000000
__Ltext53                     text53       000000
__Ltext54                     text54       000000
__Ltext55                     text55       000000
__Ltext56                     text56       000000
__Ltext57                     text57       000000
__Ltext58                     text58       000000
__Ltext59                     text59       000000
__Ltext6                      text6        000000
__Ltext60                     text60       000000
__Ltext7                      text7        000000
__Ltext8                      text8        000000
__Ltext9                      text9        000000
__S0                          (abs)        30000E
__S1                          (abs)        0001E6
__S2                          (abs)        000000
___awdiv                      text20       003408
___awdiv@counter              cstackBANK0  00008A
___awdiv@dividend             cstackBANK0  000086
___awdiv@divisor              cstackBANK0  000088
___awdiv@quotient             cstackBANK0  00008C
___awdiv@sign                 cstackBANK0  00008B
___awmod                      text19       003786
___awmod@counter              cstackBANK0  000084
___awmod@dividend             cstackBANK0  000080
___awmod@divisor              cstackBANK0  000082
___awmod@sign                 cstackBANK0  000085
___awtoft                     text10       003F8C
___awtoft@c                   cstackBANK0  000094
___awtoft@sign                cstackBANK0  000097
___ftadd                      text28       0022D8
___ftadd@exp1                 cstackBANK0  0000B8
___ftadd@exp2                 cstackBANK0  0000B7
___ftadd@f1                   cstackBANK0  0000AD
___ftadd@f2                   cstackBANK0  0000B0
___ftadd@sign                 cstackBANK0  0000B6
___ftdiv                      text9        002CD6
___ftdiv@cntr                 cstackBANK0  0000AC
___ftdiv@exp                  cstackBANK0  0000B0
___ftdiv@f1                   cstackBANK0  0000A3
___ftdiv@f2                   cstackBANK0  0000A6
___ftdiv@f3                   cstackBANK0  0000AD
___ftdiv@sign                 cstackBANK0  0000B1
___ftge                       text30       003340
___ftge@ff1                   cstackBANK0  0000B9
___ftge@ff2                   cstackBANK0  0000BC
___ftmul                      text18       002B78
___ftmul@cntr                 cstackBANK0  0000A1
___ftmul@exp                  cstackBANK0  00009D
___ftmul@f1                   cstackBANK0  000094
___ftmul@f2                   cstackBANK0  000097
___ftmul@f3_as_product        cstackBANK0  00009E
___ftmul@sign                 cstackBANK0  0000A2
___ftneg                      text29       0040B8
___ftneg@f1                   cstackBANK0  000098
___ftpack                     text44       002F66
___ftpack@arg                 cstackBANK0  000080
___ftpack@exp                 cstackBANK0  000083
___ftpack@sign                cstackBANK0  000084
___ftsub                      text27       003EB0
___ftsub@f1                   cstackBANK0  0000B9
___ftsub@f2                   cstackBANK0  0000BC
___fttol                      text26       002E22
___fttol@exp1                 cstackBANK0  0000C7
___fttol@f1                   cstackBANK0  0000B9
___fttol@lval                 cstackBANK0  0000C3
___fttol@sign1                cstackBANK0  0000C2
___inthi_sp                   stack        000000
___intlo_sp                   stack        000000
___lldiv                      text25       0034C6
___lldiv@counter              cstackBANK0  00008C
___lldiv@dividend             cstackBANK0  000080
___lldiv@divisor              cstackBANK0  000084
___lldiv@quotient             cstackBANK0  000088
___llmod                      text24       003828
___llmod@counter              cstackBANK0  000095
___llmod@dividend             cstackBANK0  00008D
___llmod@divisor              cstackBANK0  000091
___lltoft                     text23       003A64
___lltoft@c                   cstackBANK0  000088
___lltoft@exp                 cstackBANK0  000090
___lwtoft                     text43       004170
___lwtoft@c                   cstackBANK0  000088
___param_bank                 (abs)        000010
___rparam_used                (abs)        000001
___sp                         stack        000000
___wmul                       text17       00404E
___wmul@multiplicand          cstackBANK0  000090
___wmul@multiplier            cstackBANK0  00008E
___wmul@product               cstackBANK0  000092
__accesstop                   (abs)        000080
__activetblptr                (abs)        000002
__div_to_l_                   text22       00288A
__div_to_l_@cntr              cstackBANK0  00008A
__div_to_l_@exp1              cstackBANK0  00008B
__div_to_l_@f1                cstackBANK0  000080
__div_to_l_@f2                cstackBANK0  000083
__div_to_l_@quot              cstackBANK0  000086
__end_of_EXT_Int0_isr         text51       002B78
__end_of_EXT_Int1_isr         text50       003A64
__end_of_EXT_Int2_isr         text49       0039E0
__end_of_RC_isr               text48       0042AC
__end_of_TMR0_isr             text47       004254
__end_of_TMR3_isr             text46       003CAE
__end_of_TMR3_reset           text60       0042D4
__end_of___awdiv              text20       0034C6
__end_of___awmod              text19       003828
__end_of___awtoft             text10       003FD0
__end_of___ftadd              text28       002540
__end_of___ftdiv              text9        002E22
__end_of___ftge               text30       003408
__end_of___ftmul              text18       002CD6
__end_of___ftneg              text29       0040E8
__end_of___ftpack             text44       003072
__end_of___ftsub              text27       003EFC
__end_of___fttol              text26       002F66
__end_of___lldiv              text25       003582
__end_of___llmod              text24       0038C2
__end_of___lltoft             text23       003AE0
__end_of___lwtoft             text43       00419A
__end_of___wmul               text17       004084
__end_of__div_to_l_           text22       002A12
__end_of__initialization      cinit        003B4C
__end_of__npowers_            mediumconst  00FEAE
__end_of__powers_             mediumconst  00FED5
__end_of__tdiv_to_l_          text21       00288A
__end_of_delay_cycles         text39       004014
__end_of_delay_ms             text40       004118
__end_of_dpowers              mediumconst  00FE87
__end_of_fround               text16       0022D8
__end_of_highIsr              intcode_body 003786
__end_of_init_adc_no_lib      text42       0042CA
__end_of_init_pwm1            text41       004298
__end_of_isdigit              text15       004170
__end_of_lcd_gotoxy           text35       003E64
__end_of_lcd_init             text36       003BD0
__end_of_lcd_putc             text34       003D10
__end_of_lcd_puts             text33       00420E
__end_of_lcd_send_byte        text37       003E14
__end_of_lcd_send_nibble      text38       0041C2
__end_of_main                 text0        0016F2
__end_of_print_data           text11       00202C
__end_of_read_adc_raw_no_lib  text8        003EB0
__end_of_read_adc_voltage     text7        003C42
__end_of_scale                text14       001BA0
__end_of_send_byte_no_lib     text32       0042BE
__end_of_send_string_no_lib   text31       003D68
__end_of_set_pwm1_percent     text5        003632
__end_of_set_pwm1_raw         text6        00404E
__end_of_setupInterupt        text4        0041E8
__end_of_setupPorts           text3        00426E
__end_of_setupSerial          text2        004232
__end_of_setupTimers          text1        003DBE
__end_of_sprintf              text13       000D86
__end_of_strcpy               text12       003F46
__end_ofi2___ftadd            text58       0026EC
__end_ofi2___ftdiv            text57       003340
__end_ofi2___ftmul            text56       00325A
__end_ofi2___ftpack           text59       0036E0
__end_ofi2___fttol            text55       003166
__end_ofi2_set_pwm1_percent   text53       00395A
__end_ofi2_set_pwm1_raw       text54       004146
__end_ofi2_strcpy             text52       003F8C
__initialization              cinit        003AE0
__mediumconst                 mediumconst  00FE5E
__npowers_                    mediumconst  00FE87
__pbssBANK1                   bssBANK1     000100
__pcinit                      cinit        003AE0
__pcstackBANK0                cstackBANK0  000080
__pcstackBANK1                cstackBANK1  000171
__pcstackCOMRAM               cstackCOMRAM 000001
__pdataBANK0                  dataBANK0    0000F8
__pdataBANK1                  dataBANK1    0001D1
__pdataCOMRAM                 dataCOMRAM   00003F
__pidataBANK0                 idataBANK0   0042D4
__pidataBANK1                 idataBANK1   00426E
__pidataCOMRAM                idataCOMRAM  004084
__pintcode                    intcode      000008
__pintcode_body               intcode_body 0036E0
__pmediumconst                mediumconst  00FE5E
__powers_                     mediumconst  00FEAE
__ptext0                      text0        000D86
__ptext1                      text1        003D68
__ptext10                     text10       003F8C
__ptext11                     text11       001BA0
__ptext12                     text12       003EFC
__ptext13                     text13       00001A
__ptext14                     text14       0016F2
__ptext15                     text15       004146
__ptext16                     text16       00202C
__ptext17                     text17       00404E
__ptext18                     text18       002B78
__ptext19                     text19       003786
__ptext2                      text2        00420E
__ptext20                     text20       003408
__ptext21                     text21       0026EC
__ptext22                     text22       00288A
__ptext23                     text23       003A64
__ptext24                     text24       003828
__ptext25                     text25       0034C6
__ptext26                     text26       002E22
__ptext27                     text27       003EB0
__ptext28                     text28       0022D8
__ptext29                     text29       0040B8
__ptext3                      text3        004254
__ptext30                     text30       003340
__ptext31                     text31       003D10
__ptext32                     text32       0042AC
__ptext33                     text33       0041E8
__ptext34                     text34       003CAE
__ptext35                     text35       003E14
__ptext36                     text36       003B5A
__ptext37                     text37       003DBE
__ptext38                     text38       00419A
__ptext39                     text39       003FD0
__ptext4                      text4        0041C2
__ptext40                     text40       0040E8
__ptext41                     text41       004284
__ptext42                     text42       0042BE
__ptext43                     text43       004170
__ptext44                     text44       002F66
__ptext46                     text46       003C42
__ptext47                     text47       004232
__ptext48                     text48       004298
__ptext49                     text49       00395A
__ptext5                      text5        003582
__ptext50                     text50       0039E0
__ptext51                     text51       002A12
__ptext52                     text52       003F46
__ptext53                     text53       0038C2
__ptext54                     text54       004118
__ptext55                     text55       003072
__ptext56                     text56       003166
__ptext57                     text57       00325A
__ptext58                     text58       002540
__ptext59                     text59       003632
__ptext6                      text6        004014
__ptext60                     text60       0042CA
__ptext7                      text7        003BD0
__ptext8                      text8        003E64
__ptext9                      text9        002CD6
__ramtop                      ramtop       001000
__size_of_EXT_Int0_isr        (abs)        000000
__size_of_EXT_Int1_isr        (abs)        000000
__size_of_EXT_Int2_isr        (abs)        000000
__size_of_RC_isr              (abs)        000000
__size_of_TMR0_isr            (abs)        000000
__size_of_TMR3_isr            (abs)        000000
__size_of_TMR3_reset          (abs)        000000
__size_of___awdiv             (abs)        000000
__size_of___awmod             (abs)        000000
__size_of___awtoft            (abs)        000000
__size_of___ftadd             (abs)        000000
__size_of___ftdiv             (abs)        000000
__size_of___ftge              (abs)        000000
__size_of___ftmul             (abs)        000000
__size_of___ftneg             (abs)        000000
__size_of___ftpack            (abs)        000000
__size_of___ftsub             (abs)        000000
__size_of___fttol             (abs)        000000
__size_of___lldiv             (abs)        000000
__size_of___llmod             (abs)        000000
__size_of___lltoft            (abs)        000000
__size_of___lwtoft            (abs)        000000
__size_of___wmul              (abs)        000000
__size_of__div_to_l_          (abs)        000000
__size_of__tdiv_to_l_         (abs)        000000
__size_of_delay_cycles        (abs)        000000
__size_of_delay_ms            (abs)        000000
__size_of_fround              (abs)        000000
__size_of_highIsr             (abs)        000000
__size_of_init_adc_no_lib     (abs)        000000
__size_of_init_pwm1           (abs)        000000
__size_of_isdigit             (abs)        000000
__size_of_lcd_gotoxy          (abs)        000000
__size_of_lcd_init            (abs)        000000
__size_of_lcd_putc            (abs)        000000
__size_of_lcd_puts            (abs)        000000
__size_of_lcd_send_byte       (abs)        000000
__size_of_lcd_send_nibble     (abs)        000000
__size_of_main                (abs)        000000
__size_of_print_data          (abs)        000000
__size_of_read_adc_raw_no_lib (abs)        000000
__size_of_read_adc_voltage    (abs)        000000
__size_of_scale               (abs)        000000
__size_of_send_byte_no_lib    (abs)        000000
__size_of_send_string_no_lib  (abs)        000000
__size_of_set_pwm1_percent    (abs)        000000
__size_of_set_pwm1_raw        (abs)        000000
__size_of_setupInterupt       (abs)        000000
__size_of_setupPorts          (abs)        000000
__size_of_setupSerial         (abs)        000000
__size_of_setupTimers         (abs)        000000
__size_of_sprintf             (abs)        000000
__size_of_strcpy              (abs)        000000
__size_ofi2___ftadd           (abs)        000000
__size_ofi2___ftdiv           (abs)        000000
__size_ofi2___ftmul           (abs)        000000
__size_ofi2___ftpack          (abs)        000000
__size_ofi2___fttol           (abs)        000000
__size_ofi2_set_pwm1_percent  (abs)        000000
__size_ofi2_set_pwm1_raw      (abs)        000000
__size_ofi2_strcpy            (abs)        000000
__smallconst                  smallconst   000000
__tdiv_to_l_                  text21       0026EC
__tdiv_to_l_@cntr             cstackBANK0  00008D
__tdiv_to_l_@exp1             cstackBANK0  00008E
__tdiv_to_l_@f1               cstackBANK0  000080
__tdiv_to_l_@f2               cstackBANK0  000083
__tdiv_to_l_@quot             cstackBANK0  000089
_delay_cycles                 text39       003FD0
_delay_ms                     text40       0040E8
_dpowers                      mediumconst  00FE5F
_fround                       text16       00202C
_fround$2271                  cstackBANK0  0000A9
_fround$2272                  cstackBANK0  0000A6
_highIsr                      intcode      000008
_init_adc_no_lib              text42       0042BE
_init_pwm1                    text41       004284
_isdigit                      text15       004146
_isdigit$1900                 cstackBANK0  000081
_lcd                          (abs)        000F83
_lcd_gotoxy                   text35       003E14
_lcd_init                     text36       003B5A
_lcd_putc                     text34       003CAE
_lcd_puts                     text33       0041E8
_lcd_send_byte                text37       003DBE
_lcd_send_nibble              text38       00419A
_main                         text0        000D86
_print_data                   text11       001BA0
_read_adc_raw_no_lib          text8        003E64
_read_adc_voltage             text7        003BD0
_scale                        text14       0016F2
_scale$2273                   cstackBANK0  0000A6
_send_byte_no_lib             text32       0042AC
_send_string_no_lib           text31       003D10
_set_pwm1_percent             text5        003582
_set_pwm1_raw                 text6        004014
_setupInterupt                text4        0041C2
_setupPorts                   text3        004254
_setupSerial                  text2        00420E
_setupTimers                  text1        003D68
_sprintf                      text13       00001A
_sprintf$2274                 cstackBANK0  0000DB
_strcpy                       text12       003EFC
btemp                         temp         000072
delay_cycles@n                cstackBANK0  000083
delay_cycles@x                cstackBANK0  000084
delay_ms@n                    cstackBANK0  000080
delay_ms@x                    cstackBANK0  000082
end_of_initialization         cinit        003B4C
fround@prec                   cstackBANK0  0000AC
i2___ftadd                    text58       002540
i2___ftadd@exp1               cstackCOMRAM 000014
i2___ftadd@exp2               cstackCOMRAM 000013
i2___ftadd@f1                 cstackCOMRAM 000009
i2___ftadd@f2                 cstackCOMRAM 00000C
i2___ftadd@sign               cstackCOMRAM 000012
i2___ftdiv                    text57       00325A
i2___ftdiv@cntr               cstackCOMRAM 000021
i2___ftdiv@exp                cstackCOMRAM 000025
i2___ftdiv@f1                 cstackCOMRAM 000018
i2___ftdiv@f2                 cstackCOMRAM 00001B
i2___ftdiv@f3                 cstackCOMRAM 000022
i2___ftdiv@sign               cstackCOMRAM 000026
i2___ftmul                    text56       003166
i2___ftmul@cntr               cstackCOMRAM 000016
i2___ftmul@exp                cstackCOMRAM 000012
i2___ftmul@f1                 cstackCOMRAM 000009
i2___ftmul@f2                 cstackCOMRAM 00000C
i2___ftmul@f3_as_product      cstackCOMRAM 000013
i2___ftmul@sign               cstackCOMRAM 000017
i2___ftpack                   text59       003632
i2___ftpack@arg               cstackCOMRAM 000001
i2___ftpack@exp               cstackCOMRAM 000004
i2___ftpack@sign              cstackCOMRAM 000005
i2___fttol                    text55       003072
i2___fttol@exp1               cstackCOMRAM 000023
i2___fttol@f1                 cstackCOMRAM 000015
i2___fttol@lval               cstackCOMRAM 00001F
i2___fttol@sign1              cstackCOMRAM 00001E
i2_set_pwm1_percent           text53       0038C2
i2_set_pwm1_raw               text54       004118
i2_strcpy                     text52       003F46
i2set_pwm1_percent@raw_val    cstackCOMRAM 00002D
i2set_pwm1_percent@tmp        cstackCOMRAM 00002A
i2set_pwm1_percent@value      cstackCOMRAM 000027
i2set_pwm1_raw@raw_value      cstackCOMRAM 000001
i2strcpy@cp                   cstackCOMRAM 000005
i2strcpy@from                 cstackCOMRAM 000003
i2strcpy@to                   cstackCOMRAM 000001
int$flags                     temp         000072
int_func                      intcode_body 0036E0
intlevel0                     text         000000
intlevel1                     text         000000
intlevel2                     text         000000
intlevel3                     text         000000
isdigit@c                     cstackBANK0  000082
lcd_gotoxy@address            cstackBANK0  00008C
lcd_gotoxy@x                  cstackBANK0  00008B
lcd_gotoxy@y                  cstackBANK0  00008A
lcd_init@i                    cstackBANK0  00008A
lcd_putc@c                    cstackBANK0  00008D
lcd_puts@s                    cstackBANK0  00008E
lcd_send_byte@cm_data         cstackBANK0  000089
lcd_send_byte@n               cstackBANK0  000088
lcd_send_nibble@n             cstackBANK0  000087
main@CoolError                cstackBANK1  0001C5
main@HeatError                cstackBANK1  0001CB
main@HeatError_1269           cstackBANK1  0001CE
main@coolError                cstackBANK1  0001C8
print_data@Buffer             cstackBANK1  000171
print_data@CoolerState        cstackBANK1  0001BF
print_data@HeaterState        cstackBANK1  0001B9
print_data@MODE               cstackBANK1  0001B1
read_adc_raw_no_lib@channel   cstackBANK0  000084
read_adc_raw_no_lib@raw_value cstackBANK0  000085
read_adc_voltage@channel      cstackBANK0  0000B8
read_adc_voltage@raw_value    cstackBANK0  0000B9
read_adc_voltage@voltage      cstackBANK0  0000B5
scale@scl                     cstackBANK0  0000A9
send_byte_no_lib@c            cstackBANK0  000080
send_string_no_lib@p          cstackBANK0  000081
set_pwm1_percent@raw_val      cstackBANK0  0000CE
set_pwm1_percent@tmp          cstackBANK0  0000CB
set_pwm1_percent@value        cstackBANK0  0000C8
set_pwm1_raw@raw_value        cstackBANK0  000080
setupSerial@dummy             cstackBANK0  000080
sprintf@ap                    cstackBANK0  0000E0
sprintf@c                     cstackBANK0  0000F7
sprintf@cp                    cstackBANK0  0000DE
sprintf@exp                   cstackBANK0  0000EE
sprintf@f                     cstackBANK0  0000CA
sprintf@flag                  cstackBANK0  0000E4
sprintf@fval                  cstackBANK0  0000F2
sprintf@len                   cstackBANK0  0000E2
sprintf@prec                  cstackBANK0  0000F5
sprintf@sp                    cstackBANK0  0000C8
sprintf@tmpval                cstackBANK0  0000E6
sprintf@val                   cstackBANK0  0000EA
sprintf@width                 cstackBANK0  0000F0
stackhi                       (abs)        000F7F
stacklo                       (abs)        0001E6
start                         init         000016
start_initialization          cinit        003AE0
strcpy@cp                     cstackBANK0  000084
strcpy@from                   cstackBANK0  000082
strcpy@to                     cstackBANK0  000080


FUNCTION INFORMATION:

 *************** function _main *****************
 Defined at:
		line 67 in file "main.c"
 Parameters:    Size  Location     Type
		None
 Auto vars:     Size  Location     Type
  CoolError       3   84[BANK1 ] float 
  HeatError       3   93[BANK1 ] float 
  HeatError       3   90[BANK1 ] float 
  coolError       3   87[BANK1 ] float 
 Return value:  Size  Location     Type
                  1    wreg      void 
 Registers used:
		wreg, fsr1l, fsr1h, fsr2l, fsr2h, status,2, status,0, tblptrl, tblptrh, tblptru, prodl, prodh, cstack
 Tracked objects:
		On entry : 
		On exit  : 
		Unchanged: 
 Data sizes:     COMRAM   BANK0   BANK1   BANK2   BANK3   BANK4   BANK5   BANK6   BANK7   BANK8   BANK9  BANK10  BANK11  BANK12  BANK13  BANK14  BANK15
      Params:         0       0       0       0       0       0       0       0       0       0       0       0       0       0       0       0       0
      Locals:         0       0      12       0       0       0       0       0       0       0       0       0       0       0       0       0       0
      Temps:          0       0       0       0       0       0       0       0       0       0       0       0       0       0       0       0       0
      Totals:         0       0      12       0       0       0       0       0       0       0       0       0       0       0       0       0       0
Total ram usage:       12 bytes
 Hardware stack levels required when called:   12
 This function calls:
		___awtoft
		___ftadd
		___ftdiv
		___ftge
		___ftmul
		___ftneg
		___fttol
		___lwtoft
		___wmul
		_delay_ms
		_init_adc_no_lib
		_init_pwm1
		_lcd_gotoxy
		_lcd_init
		_lcd_puts
		_print_data
		_read_adc_voltage
		_set_pwm1_percent
		_setupInterupt
		_setupPorts
		_setupSerial
		_setupTimers
		_sprintf
		_strcpy
 This function is called by:
		Startup code after reset
 This function uses a non-reentrant model


 *************** function _setupTimers *****************
 Defined at:
		line 225 in file "main.c"
 Parameters:    Size  Location     Type
		None
 Auto vars:     Size  Location     Type
		None
 Return value:  Size  Location     Type
                  1    wreg      void 
 Registers used:
		wreg, status,2
 Tracked objects:
		On entry : 
		On exit  : 
		Unchanged: 
 Data sizes:     COMRAM   BANK0   BANK1   BANK2   BANK3   BANK4   BANK5   BANK6   BANK7   BANK8   BANK9  BANK10  BANK11  BANK12  BANK13  BANK14  BANK15
      Params:         0       0       0       0       0       0       0       0       0       0       0       0       0       0       0       0       0
      Locals:         0       0       0       0       0       0       0       0       0       0       0       0       0       0       0       0       0
      Temps:          0       0       0       0       0       0       0       0       0       0       0       0       0       0       0       0       0
      Totals:         0       0       0       0       0       0       0       0       0       0       0       0       0       0       0       0       0
Total ram usage:        0 bytes
 Hardware stack levels used:    1
 Hardware stack levels required when called:    5
 This function calls:
		Nothing
 This function is called by:
		_main
 This function uses a non-reentrant model


 *************** function _setupSerial *****************
 Defined at:
		line 3 in file "my_ser.c"
 Parameters:    Size  Location     Type
		None
 Auto vars:     Size  Location     Type
  dummy           1    0[BANK0 ] unsigned char 
 Return value:  Size  Location     Type
                  2  131[None  ] int 
 Registers used:
		wreg, status,2
 Tracked objects:
		On entry : 
		On exit  : 
		Unchanged: 
 Data sizes:     COMRAM   BANK0   BANK1   BANK2   BANK3   BANK4   BANK5   BANK6   BANK7   BANK8   BANK9  BANK10  BANK11  BANK12  BANK13  BANK14  BANK15
      Params:         0       0       0       0       0       0       0       0       0       0       0       0       0       0       0       0       0
      Locals:         0       1       0       0       0       0       0       0       0       0       0       0       0       0       0       0       0
      Temps:          0       0       0       0       0       0       0       0       0       0       0       0       0       0       0       0       0
      Totals:         0       1       0       0       0       0       0       0       0       0       0       0       0       0       0       0       0
Total ram usage:        1 bytes
 Hardware stack levels used:    1
 Hardware stack levels required when called:    5
 This function calls:
		Nothing
 This function is called by:
		_main
 This function uses a non-reentrant model


 *************** function _setupPorts *****************
 Defined at:
		line 199 in file "main.c"
 Parameters:    Size  Location     Type
		None
 Auto vars:     Size  Location     Type
		None
 Return value:  Size  Location     Type
                  1    wreg      void 
 Registers used:
		wreg, status,2
 Tracked objects:
		On entry : 
		On exit  : 
		Unchanged: 
 Data sizes:     COMRAM   BANK0   BANK1   BANK2   BANK3   BANK4   BANK5   BANK6   BANK7   BANK8   BANK9  BANK10  BANK11  BANK12  BANK13  BANK14  BANK15
      Params:         0       0       0       0       0       0       0       0       0       0       0       0       0       0       0       0       0
      Locals:         0       0       0       0       0       0       0       0       0       0       0       0       0       0       0       0       0
      Temps:          0       0       0       0       0       0       0       0       0       0       0       0       0       0       0       0       0
      Totals:         0       0       0       0       0       0       0       0       0       0       0       0       0       0       0       0       0
Total ram usage:        0 bytes
 Hardware stack levels used:    1
 Hardware stack levels required when called:    5
 This function calls:
		Nothing
 This function is called by:
		_main
 This function uses a non-reentrant model


 *************** function _setupInterupt *****************
 Defined at:
		line 208 in file "main.c"
 Parameters:    Size  Location     Type
		None
 Auto vars:     Size  Location     Type
		None
 Return value:  Size  Location     Type
                  1    wreg      void 
 Registers used:
		wreg, status,2
 Tracked objects:
		On entry : 
		On exit  : 
		Unchanged: 
 Data sizes:     COMRAM   BANK0   BANK1   BANK2   BANK3   BANK4   BANK5   BANK6   BANK7   BANK8   BANK9  BANK10  BANK11  BANK12  BANK13  BANK14  BANK15
      Params:         0       0       0       0       0       0       0       0       0       0       0       0       0       0       0       0       0
      Locals:         0       0       0       0       0       0       0       0       0       0       0       0       0       0       0       0       0
      Temps:          0       0       0       0       0       0       0       0       0       0       0       0       0       0       0       0       0
      Totals:         0       0       0       0       0       0       0       0       0       0       0       0       0       0       0       0       0
Total ram usage:        0 bytes
 Hardware stack levels used:    1
 Hardware stack levels required when called:    5
 This function calls:
		Nothing
 This function is called by:
		_main
 This function uses a non-reentrant model


 *************** function _set_pwm1_percent *****************
 Defined at:
		line 24 in file "my_pwm.c"
 Parameters:    Size  Location     Type
  value           3   72[BANK0 ] float 
 Auto vars:     Size  Location     Type
  tmp             3   75[BANK0 ] float 
  raw_val         2   78[BANK0 ] int 
 Return value:  Size  Location     Type
                  1    wreg      void 
 Registers used:
		wreg, status,2, status,0, cstack
 Tracked objects:
		On entry : 
		On exit  : 
		Unchanged: 
 Data sizes:     COMRAM   BANK0   BANK1   BANK2   BANK3   BANK4   BANK5   BANK6   BANK7   BANK8   BANK9  BANK10  BANK11  BANK12  BANK13  BANK14  BANK15
      Params:         0       3       0       0       0       0       0       0       0       0       0       0       0       0       0       0       0
      Locals:         0       5       0       0       0       0       0       0       0       0       0       0       0       0       0       0       0
      Temps:          0       0       0       0       0       0       0       0       0       0       0       0       0       0       0       0       0
      Totals:         0       8       0       0       0       0       0       0       0       0       0       0       0       0       0       0       0
Total ram usage:        8 bytes
 Hardware stack levels used:    1
 Hardware stack levels required when called:    7
 This function calls:
		___ftadd
		___ftdiv
		___ftmul
		___fttol
		_set_pwm1_raw
 This function is called by:
		_main
 This function uses a non-reentrant model


 *************** function _set_pwm1_raw *****************
 Defined at:
		line 16 in file "my_pwm.c"
 Parameters:    Size  Location     Type
  raw_value       2    0[BANK0 ] unsigned int 
 Auto vars:     Size  Location     Type
		None
 Return value:  Size  Location     Type
                  1    wreg      void 
 Registers used:
		wreg, status,2, status,0
 Tracked objects:
		On entry : 
		On exit  : 
		Unchanged: 
 Data sizes:     COMRAM   BANK0   BANK1   BANK2   BANK3   BANK4   BANK5   BANK6   BANK7   BANK8   BANK9  BANK10  BANK11  BANK12  BANK13  BANK14  BANK15
      Params:         0       2       0       0       0       0       0       0       0       0       0       0       0       0       0       0       0
      Locals:         0       0       0       0       0       0       0       0       0       0       0       0       0       0       0       0       0
      Temps:          0       2       0       0       0       0       0       0       0       0       0       0       0       0       0       0       0
      Totals:         0       4       0       0       0       0       0       0       0       0       0       0       0       0       0       0       0
Total ram usage:        4 bytes
 Hardware stack levels used:    1
 Hardware stack levels required when called:    5
 This function calls:
		Nothing
 This function is called by:
		_set_pwm1_percent
		_set_pwm1_voltage
		_set_pwm1_general
 This function uses a non-reentrant model


 *************** function _read_adc_voltage *****************
 Defined at:
		line 48 in file "my_adc.c"
 Parameters:    Size  Location     Type
  channel         1    wreg     unsigned char 
 Auto vars:     Size  Location     Type
  channel         1   56[BANK0 ] unsigned char 
  voltage         3   53[BANK0 ] float 
  raw_value       2   57[BANK0 ] int 
 Return value:  Size  Location     Type
                  3   50[BANK0 ] float 
 Registers used:
		wreg, status,2, status,0, prodl, prodh, cstack
 Tracked objects:
		On entry : 
		On exit  : 
		Unchanged: 
 Data sizes:     COMRAM   BANK0   BANK1   BANK2   BANK3   BANK4   BANK5   BANK6   BANK7   BANK8   BANK9  BANK10  BANK11  BANK12  BANK13  BANK14  BANK15
      Params:         0       3       0       0       0       0       0       0       0       0       0       0       0       0       0       0       0
      Locals:         0       6       0       0       0       0       0       0       0       0       0       0       0       0       0       0       0
      Temps:          0       0       0       0       0       0       0       0       0       0       0       0       0       0       0       0       0
      Totals:         0       9       0       0       0       0       0       0       0       0       0       0       0       0       0       0       0
Total ram usage:        9 bytes
 Hardware stack levels used:    1
 Hardware stack levels required when called:    7
 This function calls:
		___awtoft
		___ftdiv
		___wmul
		_read_adc_raw_no_lib
 This function is called by:
		_main
 This function uses a non-reentrant model


 *************** function _read_adc_raw_no_lib *****************
 Defined at:
		line 32 in file "my_adc.c"
 Parameters:    Size  Location     Type
  channel         1    wreg     unsigned char 
 Auto vars:     Size  Location     Type
  channel         1    4[BANK0 ] unsigned char 
  raw_value       2    5[BANK0 ] int 
 Return value:  Size  Location     Type
                  2    0[BANK0 ] int 
 Registers used:
		wreg, status,2, status,0
 Tracked objects:
		On entry : 
		On exit  : 
		Unchanged: 
 Data sizes:     COMRAM   BANK0   BANK1   BANK2   BANK3   BANK4   BANK5   BANK6   BANK7   BANK8   BANK9  BANK10  BANK11  BANK12  BANK13  BANK14  BANK15
      Params:         0       2       0       0       0       0       0       0       0       0       0       0       0       0       0       0       0
      Locals:         0       3       0       0       0       0       0       0       0       0       0       0       0       0       0       0       0
      Temps:          0       2       0       0       0       0       0       0       0       0       0       0       0       0       0       0       0
      Totals:         0       7       0       0       0       0       0       0       0       0       0       0       0       0       0       0       0
Total ram usage:        7 bytes
 Hardware stack levels used:    1
 Hardware stack levels required when called:    5
 This function calls:
		Nothing
 This function is called by:
		_read_adc_voltage
 This function uses a non-reentrant model


 *************** function ___ftdiv *****************
 Defined at:
		line 54 in file "C:\Program Files (x86)\Microchip\xc8\v1.37\sources\common\ftdiv.c"
 Parameters:    Size  Location     Type
  f1              3   35[BANK0 ] float 
  f2              3   38[BANK0 ] float 
 Auto vars:     Size  Location     Type
  f3              3   45[BANK0 ] float 
  sign            1   49[BANK0 ] unsigned char 
  exp             1   48[BANK0 ] unsigned char 
  cntr            1   44[BANK0 ] unsigned char 
 Return value:  Size  Location     Type
                  3   35[BANK0 ] float 
 Registers used:
		wreg, status,2, status,0, cstack
 Tracked objects:
		On entry : 
		On exit  : 
		Unchanged: 
 Data sizes:     COMRAM   BANK0   BANK1   BANK2   BANK3   BANK4   BANK5   BANK6   BANK7   BANK8   BANK9  BANK10  BANK11  BANK12  BANK13  BANK14  BANK15
      Params:         0       6       0       0       0       0       0       0       0       0       0       0       0       0       0       0       0
      Locals:         0       6       0       0       0       0       0       0       0       0       0       0       0       0       0       0       0
      Temps:          0       3       0       0       0       0       0       0       0       0       0       0       0       0       0       0       0
      Totals:         0      15       0       0       0       0       0       0       0       0       0       0       0       0       0       0       0
Total ram usage:       15 bytes
 Hardware stack levels used:    1
 Hardware stack levels required when called:    6
 This function calls:
		___ftpack
 This function is called by:
		_read_adc_voltage
		_set_pwm1_percent
		_main
		_set_pwm1_voltage
		_set_pwm1_general
 This function uses a non-reentrant model


 *************** function ___awtoft *****************
 Defined at:
		line 32 in file "C:\Program Files (x86)\Microchip\xc8\v1.37\sources\common\awtoft.c"
 Parameters:    Size  Location     Type
  c               2   20[BANK0 ] int 
 Auto vars:     Size  Location     Type
  sign            1   23[BANK0 ] unsigned char 
 Return value:  Size  Location     Type
                  3   20[BANK0 ] float 
 Registers used:
		wreg, status,2, status,0, cstack
 Tracked objects:
		On entry : 
		On exit  : 
		Unchanged: 
 Data sizes:     COMRAM   BANK0   BANK1   BANK2   BANK3   BANK4   BANK5   BANK6   BANK7   BANK8   BANK9  BANK10  BANK11  BANK12  BANK13  BANK14  BANK15
      Params:         0       3       0       0       0       0       0       0       0       0       0       0       0       0       0       0       0
      Locals:         0       1       0       0       0       0       0       0       0       0       0       0       0       0       0       0       0
      Temps:          0       0       0       0       0       0       0       0       0       0       0       0       0       0       0       0       0
      Totals:         0       4       0       0       0       0       0       0       0       0       0       0       0       0       0       0       0
Total ram usage:        4 bytes
 Hardware stack levels used:    1
 Hardware stack levels required when called:    6
 This function calls:
		___ftpack
 This function is called by:
		_read_adc_voltage
		_main
 This function uses a non-reentrant model


 *************** function _print_data *****************
 Defined at:
		line 333 in file "main.c"
 Parameters:    Size  Location     Type
		None
 Auto vars:     Size  Location     Type
  Buffer         64    0[BANK1 ] unsigned char [64]
  MODE            8   64[BANK1 ] unsigned char [8]
[...]
      Params:         4       0       0       0       0       0       0       0       0       0       0       0       0       0       0       0       0
      Locals:         2       0       0       0       0       0       0       0       0       0       0       0       0       0       0       0       0
      Temps:          0       0       0       0       0       0       0       0       0       0       0       0       0       0       0       0       0
      Totals:         6       0       0       0       0       0       0       0       0       0       0       0       0       0       0       0       0
Total ram usage:        6 bytes
 Hardware stack levels used:    1
 This function calls:
		Nothing
 This function is called by:
		_EXT_Int0_isr
 This function uses a non-reentrant model


 *************** function i2_set_pwm1_percent *****************
 Defined at:
		line 24 in file "my_pwm.c"
 Parameters:    Size  Location     Type
  value           3   38[COMRAM] float 
 Auto vars:     Size  Location     Type
  set_pwm1_per    3   41[COMRAM] float 
  set_pwm1_per    2   44[COMRAM] int 
 Return value:  Size  Location     Type
                  1    wreg      void 
 Registers used:
		wreg, status,2, status,0, cstack
 Tracked objects:
		On entry : 
		On exit  : 
		Unchanged: 
 Data sizes:     COMRAM   BANK0   BANK1   BANK2   BANK3   BANK4   BANK5   BANK6   BANK7   BANK8   BANK9  BANK10  BANK11  BANK12  BANK13  BANK14  BANK15
      Params:         3       0       0       0       0       0       0       0       0       0       0       0       0       0       0       0       0
      Locals:         5       0       0       0       0       0       0       0       0       0       0       0       0       0       0       0       0
      Temps:          0       0       0       0       0       0       0       0       0       0       0       0       0       0       0       0       0
      Totals:         8       0       0       0       0       0       0       0       0       0       0       0       0       0       0       0       0
Total ram usage:        8 bytes
 Hardware stack levels used:    1
 Hardware stack levels required when called:    2
 This function calls:
		i2___ftadd
		i2___ftdiv
		i2___ftmul
		i2___fttol
		i2_set_pwm1_raw
 This function is called by:
		_EXT_Int0_isr
 This function uses a non-reentrant model


 *************** function i2_set_pwm1_raw *****************
 Defined at:
		line 16 in file "my_pwm.c"
 Parameters:    Size  Location     Type
  raw_value       2    0[COMRAM] unsigned int 
 Auto vars:     Size  Location     Type
		None
 Return value:  Size  Location     Type
                  1    wreg      void 
 Registers used:
		wreg, status,2, status,0
 Tracked objects:
		On entry : 
		On exit  : 
		Unchanged: 
 Data sizes:     COMRAM   BANK0   BANK1   BANK2   BANK3   BANK4   BANK5   BANK6   BANK7   BANK8   BANK9  BANK10  BANK11  BANK12  BANK13  BANK14  BANK15
      Params:         2       0       0       0       0       0       0       0       0       0       0       0       0       0       0       0       0
      Locals:         0       0       0       0       0       0       0       0       0       0       0       0       0       0       0       0       0
      Temps:          2       0       0       0       0       0       0       0       0       0       0       0       0       0       0       0       0
      Totals:         4       0       0       0       0       0       0       0       0       0       0       0       0       0       0       0       0
Total ram usage:        4 bytes
 Hardware stack levels used:    1
 This function calls:
		Nothing
 This function is called by:
		i2_set_pwm1_percent
 This function uses a non-reentrant model


 *************** function i2___fttol *****************
 Defined at:
		line 44 in file "C:\Program Files (x86)\Microchip\xc8\v1.37\sources\common\fttol.c"
 Parameters:    Size  Location     Type
  f1              3   20[COMRAM] float 
 Auto vars:     Size  Location     Type
  __fttol         4   30[COMRAM] unsigned long 
  __fttol         1   34[COMRAM] unsigned char 
  __fttol         1   29[COMRAM] unsigned char 
 Return value:  Size  Location     Type
                  4   20[COMRAM] long 
 Registers used:
		wreg, status,2, status,0
 Tracked objects:
		On entry : 
		On exit  : 
		Unchanged: 
 Data sizes:     COMRAM   BANK0   BANK1   BANK2   BANK3   BANK4   BANK5   BANK6   BANK7   BANK8   BANK9  BANK10  BANK11  BANK12  BANK13  BANK14  BANK15
      Params:         4       0       0       0       0       0       0       0       0       0       0       0       0       0       0       0       0
      Locals:         6       0       0       0       0       0       0       0       0       0       0       0       0       0       0       0       0
      Temps:          5       0       0       0       0       0       0       0       0       0       0       0       0       0       0       0       0
      Totals:        15       0       0       0       0       0       0       0       0       0       0       0       0       0       0       0       0
Total ram usage:       15 bytes
 Hardware stack levels used:    1
 This function calls:
		Nothing
 This function is called by:
		i2_set_pwm1_percent
 This function uses a non-reentrant model


 *************** function i2___ftmul *****************
 Defined at:
		line 62 in file "C:\Program Files (x86)\Microchip\xc8\v1.37\sources\common\ftmul.c"
 Parameters:    Size  Location     Type
  f1              3    8[COMRAM] float 
  f2              3   11[COMRAM] float 
 Auto vars:     Size  Location     Type
  __ftmul         3   18[COMRAM] unsigned um
  __ftmul         1   22[COMRAM] unsigned char 
  __ftmul         1   21[COMRAM] unsigned char 
  __ftmul         1   17[COMRAM] unsigned char 
 Return value:  Size  Location     Type
                  3    8[COMRAM] float 
 Registers used:
		wreg, status,2, status,0, cstack
 Tracked objects:
		On entry : 
		On exit  : 
		Unchanged: 
 Data sizes:     COMRAM   BANK0   BANK1   BANK2   BANK3   BANK4   BANK5   BANK6   BANK7   BANK8   BANK9  BANK10  BANK11  BANK12  BANK13  BANK14  BANK15
      Params:         6       0       0       0       0       0       0       0       0       0       0       0       0       0       0       0       0
      Locals:         6       0       0       0       0       0       0       0       0       0       0       0       0       0       0       0       0
      Temps:          3       0       0       0       0       0       0       0       0       0       0       0       0       0       0       0       0
      Totals:        15       0       0       0       0       0       0       0       0       0       0       0       0       0       0       0       0
Total ram usage:       15 bytes
 Hardware stack levels used:    1
 Hardware stack levels required when called:    1
 This function calls:
		i2___ftpack
 This function is called by:
		i2_set_pwm1_percent
 This function uses a non-reentrant model


 *************** function i2___ftdiv *****************
 Defined at:
		line 54 in file "C:\Program Files (x86)\Microchip\xc8\v1.37\sources\common\ftdiv.c"
 Parameters:    Size  Location     Type
  f1              3   23[COMRAM] float 
  f2              3   26[COMRAM] float 
 Auto vars:     Size  Location     Type
  __ftdiv         3   33[COMRAM] float 
  __ftdiv         1   37[COMRAM] unsigned char 
  __ftdiv         1   36[COMRAM] unsigned char 
  __ftdiv         1   32[COMRAM] unsigned char 
 Return value:  Size  Location     Type
                  3   23[COMRAM] float 
 Registers used:
		wreg, status,2, status,0, cstack
 Tracked objects:
		On entry : 
		On exit  : 
		Unchanged: 
 Data sizes:     COMRAM   BANK0   BANK1   BANK2   BANK3   BANK4   BANK5   BANK6   BANK7   BANK8   BANK9  BANK10  BANK11  BANK12  BANK13  BANK14  BANK15
      Params:         6       0       0       0       0       0       0       0       0       0       0       0       0       0       0       0       0
      Locals:         6       0       0       0       0       0       0       0       0       0       0       0       0       0       0       0       0
      Temps:          3       0       0       0       0       0       0       0       0       0       0       0       0       0       0       0       0
      Totals:        15       0       0       0       0       0       0       0       0       0       0       0       0       0       0       0       0
Total ram usage:       15 bytes
 Hardware stack levels used:    1
 Hardware stack levels required when called:    1
 This function calls:
		i2___ftpack
 This function is called by:
		i2_set_pwm1_percent
 This function uses a non-reentrant model


 *************** function i2___ftadd *****************
 Defined at:
		line 86 in file "C:\Program Files (x86)\Microchip\xc8\v1.37\sources\common\ftadd.c"
 Parameters:    Size  Location     Type
  f1              3    8[COMRAM] float 
  f2              3   11[COMRAM] float 
 Auto vars:     Size  Location     Type
  __ftadd         1   19[COMRAM] unsigned char 
  __ftadd         1   18[COMRAM] unsigned char 
  __ftadd         1   17[COMRAM] unsigned char 
 Return value:  Size  Location     Type
                  3    8[COMRAM] float 
 Registers used:
		wreg, status,2, status,0, cstack
 Tracked objects:
		On entry : 
		On exit  : 
		Unchanged: 
 Data sizes:     COMRAM   BANK0   BANK1   BANK2   BANK3   BANK4   BANK5   BANK6   BANK7   BANK8   BANK9  BANK10  BANK11  BANK12  BANK13  BANK14  BANK15
      Params:         6       0       0       0       0       0       0       0       0       0       0       0       0       0       0       0       0
      Locals:         3       0       0       0       0       0       0       0       0       0       0       0       0       0       0       0       0
      Temps:          3       0       0       0       0       0       0       0       0       0       0       0       0       0       0       0       0
      Totals:        12       0       0       0       0       0       0       0       0       0       0       0       0       0       0       0       0
Total ram usage:       12 bytes
 Hardware stack levels used:    1
 Hardware stack levels required when called:    1
 This function calls:
		i2___ftpack
 This function is called by:
		i2_set_pwm1_percent
 This function uses a non-reentrant model


 *************** function i2___ftpack *****************
 Defined at:
		line 62 in file "C:\Program Files (x86)\Microchip\xc8\v1.37\sources\common\float.c"
 Parameters:    Size  Location     Type
  arg             3    0[COMRAM] unsigned um
  exp             1    3[COMRAM] unsigned char 
  sign            1    4[COMRAM] unsigned char 
 Auto vars:     Size  Location     Type
		None
 Return value:  Size  Location     Type
                  3    0[COMRAM] float 
 Registers used:
		wreg, status,2, status,0
 Tracked objects:
		On entry : 
		On exit  : 
		Unchanged: 
 Data sizes:     COMRAM   BANK0   BANK1   BANK2   BANK3   BANK4   BANK5   BANK6   BANK7   BANK8   BANK9  BANK10  BANK11  BANK12  BANK13  BANK14  BANK15
      Params:         5       0       0       0       0       0       0       0       0       0       0       0       0       0       0       0       0
      Locals:         0       0       0       0       0       0       0       0       0       0       0       0       0       0       0       0       0
      Temps:          3       0       0       0       0       0       0       0       0       0       0       0       0       0       0       0       0
      Totals:         8       0       0       0       0       0       0       0       0       0       0       0       0       0       0       0       0
Total ram usage:        8 bytes
 Hardware stack levels used:    1
 This function calls:
		Nothing
 This function is called by:
		i2___ftadd
		i2___ftdiv
		i2___ftmul
 This function uses a non-reentrant model


 *************** function _TMR3_reset *****************
 Defined at:
		line 195 in file "main.c"
 Parameters:    Size  Location     Type
		None
 Auto vars:     Size  Location     Type
		None
 Return value:  Size  Location     Type
                  1    wreg      void 
 Registers used:
		wreg, status,2
 Tracked objects:
		On entry : 
		On exit  : 
		Unchanged: 
 Data sizes:     COMRAM   BANK0   BANK1   BANK2   BANK3   BANK4   BANK5   BANK6   BANK7   BANK8   BANK9  BANK10  BANK11  BANK12  BANK13  BANK14  BANK15
      Params:         0       0       0       0       0       0       0       0       0       0       0       0       0       0       0       0       0
      Locals:         0       0       0       0       0       0       0       0       0       0       0       0       0       0       0       0       0
      Temps:          0       0       0       0       0       0       0       0       0       0       0       0       0       0       0       0       0
      Totals:         0       0       0       0       0       0       0       0       0       0       0       0       0       0       0       0       0
Total ram usage:        0 bytes
 Hardware stack levels used:    1
 This function calls:
		Nothing
 This function is called by:
		_TMR3_isr
		_EXT_Int0_isr
 This function uses a non-reentrant model



MODULE INFORMATION

Module		Function		Class		Link	Load	Size
C:\Program Files (x86)\Microchip\xc8\v1.37\sources\common\ftdiv.c
		___ftdiv       		CODE           	2CD6	0000	333

C:\Program Files (x86)\Microchip\xc8\v1.37\sources\common\ftdiv.c estimated size: 333

C:\Program Files (x86)\Microchip\xc8\v1.37\sources\common\llmod.c
		___llmod       		CODE           	3828	0000	155

C:\Program Files (x86)\Microchip\xc8\v1.37\sources\common\llmod.c estimated size: 155

C:\Program Files (x86)\Microchip\xc8\v1.37\sources\common\ftge.c
		___ftge        		CODE           	3340	0000	201

C:\Program Files (x86)\Microchip\xc8\v1.37\sources\common\ftge.c estimated size: 201

C:\Program Files (x86)\Microchip\xc8\v1.37\sources\common\doprnt.c
		_scale         		CODE           	16F2	0000	1199
		_sprintf       		CODE           	001A	0000	3437
		_fround        		CODE           	202C	0000	685

C:\Program Files (x86)\Microchip\xc8\v1.37\sources\common\doprnt.c estimated size: 5321

my_ser.c
		_send_byte_no_lib		CODE           	42AC	0000	19
		_setupSerial   		CODE           	420E	0000	37
		_send_string_no_lib		CODE           	3D10	0000	89

my_ser.c estimated size: 145

my_pwm.c
		_set_pwm1_percent		CODE           	3582	0000	177
		_init_pwm1     		CODE           	4284	0000	21
		_set_pwm1_raw  		CODE           	4014	0000	59

my_pwm.c estimated size: 257

C:\Program Files (x86)\Microchip\xc8\v1.37\sources\common\fttol.c
		___fttol       		CODE           	2E22	0000	325

C:\Program Files (x86)\Microchip\xc8\v1.37\sources\common\fttol.c estimated size: 325

C:\Program Files (x86)\Microchip\xc8\v1.37\sources\common\Umul16.c
		___wmul        		CODE           	404E	0000	55

C:\Program Files (x86)\Microchip\xc8\v1.37\sources\common\Umul16.c estimated size: 55

my_adc.c
		_init_adc_no_lib		CODE           	42BE	0000	13
		_read_adc_raw_no_lib		CODE           	3E64	0000	77
		_read_adc_voltage		CODE           	3BD0	0000	115

my_adc.c estimated size: 205

C:\Program Files (x86)\Microchip\xc8\v1.37\sources\common\awdiv.c
		___awdiv       		CODE           	3408	0000	191

C:\Program Files (x86)\Microchip\xc8\v1.37\sources\common\awdiv.c estimated size: 191

C:\Program Files (x86)\Microchip\xc8\v1.37\sources\common\isdigit.c
		_isdigit       		CODE           	4146	0000	43

C:\Program Files (x86)\Microchip\xc8\v1.37\sources\common\isdigit.c estimated size: 43

C:\Program Files (x86)\Microchip\xc8\v1.37\sources\common\ftadd.c
		___ftadd       		CODE           	22D8	0000	617

C:\Program Files (x86)\Microchip\xc8\v1.37\sources\common\ftadd.c estimated size: 617

C:\Program Files (x86)\Microchip\xc8\v1.37\sources\common\lldiv.c
		___lldiv       		CODE           	34C6	0000	189

C:\Program Files (x86)\Microchip\xc8\v1.37\sources\common\lldiv.c estimated size: 189

C:\Program Files (x86)\Microchip\xc8\v1.37\sources\common\ftdivl.c
		__tdiv_to_l_   		CODE           	26EC	0000	415

C:\Program Files (x86)\Microchip\xc8\v1.37\sources\common\ftdivl.c estimated size: 415

C:\Program Files (x86)\Microchip\xc8\v1.37\sources\common\fldivl.c
		__div_to_l_    		CODE           	288A	0000	393

C:\Program Files (x86)\Microchip\xc8\v1.37\sources\common\fldivl.c estimated size: 393

C:\Program Files (x86)\Microchip\xc8\v1.37\sources\common\ftneg.c
		___ftneg       		CODE           	40B8	0000	49

C:\Program Files (x86)\Microchip\xc8\v1.37\sources\common\ftneg.c estimated size: 49

shared
		i2___ftadd     		CODE           	2540	0000	429
		i2___ftdiv     		CODE           	325A	0000	231
		__powers_      		MEDIUMCONST    	FEAE	0000	40
		i2___fttol     		CODE           	3072	0000	245
		_dpowers       		MEDIUMCONST    	FE5F	0000	41
		i2_set_pwm1_raw		CODE           	4118	0000	47
		i2_strcpy      		CODE           	3F46	0000	71
		i2___ftmul     		CODE           	3166	0000	245
		__npowers_     		MEDIUMCONST    	FE87	0000	40
		i2___ftpack    		CODE           	3632	0000	175
		__initialization		CODE           	3AE0	0000	109
		i2_set_pwm1_percent		CODE           	38C2	0000	153

shared estimated size: 1826

C:\Program Files (x86)\Microchip\xc8\v1.37\sources\common\ftsub.c
		___ftsub       		CODE           	3EB0	0000	77

C:\Program Files (x86)\Microchip\xc8\v1.37\sources\common\ftsub.c estimated size: 77

C:\Program Files (x86)\Microchip\xc8\v1.37\sources\common\awtoft.c
		___awtoft      		CODE           	3F8C	0000	69

C:\Program Files (x86)\Microchip\xc8\v1.37\sources\common\awtoft.c estimated size: 69

lcd_x8.c
		_lcd_putc      		CODE           	3CAE	0000	99
		_lcd_puts      		CODE           	41E8	0000	39
		_lcd_send_byte 		CODE           	3DBE	0000	87
		_lcd_gotoxy    		CODE           	3E14	0000	81
		_lcd_send_nibble		CODE           	419A	0000	41
		_delay_ms      		CODE           	40E8	0000	49
		_lcd_init      		CODE           	3B5A	0000	119
		_delay_cycles  		CODE           	3FD0	0000	69

lcd_x8.c estimated size: 584

C:\Program Files (x86)\Microchip\xc8\v1.37\sources\common\float.c
		___ftpack      		CODE           	2F66	0000	269

C:\Program Files (x86)\Microchip\xc8\v1.37\sources\common\float.c estimated size: 269

main.c
		_TMR3_isr      		CODE           	3C42	0000	109
		_print_data    		CODE           	1BA0	0000	1165
		_main          		CODE           	0D86	0000	2413
		_highIsr       		CODE           	0008	0000	181
		_RC_isr        		CODE           	4298	0000	21
		_TMR3_reset    		CODE           	42CA	0000	11
		_setupPorts    		CODE           	4254	0000	27
		_setupInterupt 		CODE           	41C2	0000	39
		_EXT_Int0_isr  		CODE           	2A12	0000	359
		_EXT_Int1_isr  		CODE           	39E0	0000	133
		_EXT_Int2_isr  		CODE           	395A	0000	135
		_TMR0_isr      		CODE           	4232	0000	35
		_setupTimers   		CODE           	3D68	0000	87

main.c estimated size: 4715

C:\Program Files (x86)\Microchip\xc8\v1.37\sources\common\lwtoft.c
		___lwtoft      		CODE           	4170	0000	43

C:\Program Files (x86)\Microchip\xc8\v1.37\sources\common\lwtoft.c estimated size: 43

C:\Program Files (x86)\Microchip\xc8\v1.37\sources\common\lltoft.c
		___lltoft      		CODE           	3A64	0000	125

C:\Program Files (x86)\Microchip\xc8\v1.37\sources\common\lltoft.c estimated size: 125

C:\Program Files (x86)\Microchip\xc8\v1.37\sources\common\ftmul.c
		___ftmul       		CODE           	2B78	0000	351

C:\Program Files (x86)\Microchip\xc8\v1.37\sources\common\ftmul.c estimated size: 351

C:\Program Files (x86)\Microchip\xc8\v1.37\sources\common\awmod.c
		___awmod       		CODE           	3786	0000	163

C:\Program Files (x86)\Microchip\xc8\v1.37\sources\common\awmod.c estimated size: 163

C:\Program Files (x86)\Microchip\xc8\v1.37\sources\common\strcpy.c
		_strcpy        		CODE           	3EFC	0000	75

C:\Program Files (x86)\Microchip\xc8\v1.37\sources\common\strcpy.c estimated size: 75

